2a03:2880:f800:: - - [04/Mar/2026:06:36:18 -0500] "GET /wordpress/wp-content/uploads/truman-architects-west-cedar-reno-before-08d.jpg HTTP/1.1" 301 363 truman-architects.com "-" "meta-externalagent/1.1 (+https://developers.facebook.com/docs/sharing/webmasters/crawler)" "-"
2a03:2880:f800:: - - [04/Mar/2026:06:36:19 -0500] "GET /wordpress/wp-content/uploads/truman-architects-west-cedar-reno-before-08d.jpg HTTP/1.1" 404 140090 catherinetrumanarchitects.com "-" "meta-externalagent/1.1 (+https://developers.facebook.com/docs/sharing/webmasters/crawler)" "-"
2a03:2880:f800:: - - [04/Mar/2026:06:39:38 -0500] "GET /wordpress/wp-content/uploads/truman-architects-westcedar-32.jpg HTTP/1.1" 301 349 truman-architects.com "-" "meta-externalagent/1.1 (+https://developers.facebook.com/docs/sharing/webmasters/crawler)" "-"
2a03:2880:f800:: - - [04/Mar/2026:06:39:41 -0500] "GET /wordpress/wp-content/uploads/truman-architects-westcedar-32.jpg HTTP/1.1" 404 140090 catherinetrumanarchitects.com "-" "meta-externalagent/1.1 (+https://developers.facebook.com/docs/sharing/webmasters/crawler)" "-"
5.102.173.0 - - [04/Mar/2026:06:40:02 -0500] "GET /robots.txt HTTP/1.1" 200 187 catherinetrumanarchitects.com "-" "Mozilla/5.0 (compatible; MojeekBot/0.11; +https://www.mojeek.com/bot.html)" "-"
5.102.173.0 - - [04/Mar/2026:06:40:03 -0500] "GET /project/baker-kitchen/ HTTP/1.1" 200 160421 catherinetrumanarchitects.com "-" "Mozilla/5.0 (compatible; MojeekBot/0.11; +https://www.mojeek.com/bot.html)" "-"
2a03:2880:f800:: - - [04/Mar/2026:06:40:20 -0500] "GET /wordpress/wp-content/uploads/truman-architects-new-hampshire-ski-house-perspective-02.jpg HTTP/1.1" 301 375 truman-architects.com "-" "meta-externalagent/1.1 (+https://developers.facebook.com/docs/sharing/webmasters/crawler)" "-"
2a03:2880:f800:: - - [04/Mar/2026:06:40:23 -0500] "GET /wordpress/wp-content/uploads/truman-architects-new-hampshire-ski-house-perspective-02.jpg HTTP/1.1" 404 140090 catherinetrumanarchitects.com "-" "meta-externalagent/1.1 (+https://developers.facebook.com/docs/sharing/webmasters/crawler)" "-"
2a03:2880:f800:: - - [04/Mar/2026:06:40:44 -0500] "GET /wordpress/wp-content/uploads/truman-architects-modern-townhouse-12.jpg HTTP/1.1" 301 356 truman-architects.com "-" "meta-externalagent/1.1 (+https://developers.facebook.com/docs/sharing/webmasters/crawler)" "-"
2a03:2880:f800:: - - [04/Mar/2026:06:40:46 -0500] "GET /wordpress/wp-content/uploads/truman-architects-modern-townhouse-12.jpg HTTP/1.1" 404 140090 catherinetrumanarchitects.com "-" "meta-externalagent/1.1 (+https://developers.facebook.com/docs/sharing/webmasters/crawler)" "-"
2a03:2880:f800:: - - [04/Mar/2026:06:41:37 -0500] "GET /wordpress/wp-content/uploads/truman-architects-south-end-townhouse-before-15.jpg HTTP/1.1" 301 366 truman-architects.com "-" "meta-externalagent/1.1 (+https://developers.facebook.com/docs/sharing/webmasters/crawler)" "-"
2a03:2880:f800:: - - [04/Mar/2026:06:41:39 -0500] "GET /wordpress/wp-content/uploads/truman-architects-south-end-townhouse-before-15.jpg HTTP/1.1" 404 140090 catherinetrumanarchitects.com "-" "meta-externalagent/1.1 (+https://developers.facebook.com/docs/sharing/webmasters/crawler)" "-"
216.73.216.0 - - [04/Mar/2026:06:42:01 -0500] "GET /robots.txt HTTP/1.1" 200 187 catherinetrumanarchitects.com "-" "Mozilla/5.0 AppleWebKit/537.36 (KHTML, like Gecko; compatible; ClaudeBot/1.0; +claudebot@anthropic.com)" "-"
216.73.216.0 - - [04/Mar/2026:06:42:02 -0500] "GET /sitemap_index.xml HTTP/1.1" 200 1564 catherinetrumanarchitects.com "-" "Mozilla/5.0 AppleWebKit/537.36 (KHTML, like Gecko; compatible; ClaudeBot/1.0; +claudebot@anthropic.com)" "-"
2a03:2880:f800:: - - [04/Mar/2026:06:44:40 -0500] "GET /wordpress/wp-content/uploads/truman-architects-classic-townhouse-05a.jpg HTTP/1.1" 301 358 truman-architects.com "-" "meta-externalagent/1.1 (+https://developers.facebook.com/docs/sharing/webmasters/crawler)" "-"
2a03:2880:f800:: - - [04/Mar/2026:06:44:41 -0500] "GET /wordpress/wp-content/uploads/truman-architects-classic-townhouse-05a.jpg HTTP/1.1" 404 140090 catherinetrumanarchitects.com "-" "meta-externalagent/1.1 (+https://developers.facebook.com/docs/sharing/webmasters/crawler)" "-"
74.208.59.0 - - [04/Mar/2026:06:44:42 -0500] "POST /wp-cron.php?doing_wp_cron=1772624682.0700700283050537109375 HTTP/1.1" 200 - catherinetrumanarchitects.com "-" "WordPress/6.9.1; https://catherinetrumanarchitects.com" "-"
2a03:2880:f800:: - - [04/Mar/2026:06:44:45 -0500] "GET /wordpress/wp-content/uploads/truman-architects-bulfinch-house-before-07.jpg HTTP/1.1" 301 361 truman-architects.com "-" "meta-externalagent/1.1 (+https://developers.facebook.com/docs/sharing/webmasters/crawler)" "-"
2a03:2880:f800:: - - [04/Mar/2026:06:44:47 -0500] "GET /wordpress/wp-content/uploads/truman-architects-bulfinch-house-before-07.jpg HTTP/1.1" 404 140090 catherinetrumanarchitects.com "-" "meta-externalagent/1.1 (+https://developers.facebook.com/docs/sharing/webmasters/crawler)" "-"
157.55.39.0 - - [04/Mar/2026:06:45:40 -0500] "GET /wp-content/uploads/2023/09/Barn10-scaled.jpg HTTP/1.1" 200 800478 catherinetrumanarchitects.com "-" "Mozilla/5.0 AppleWebKit/537.36 (KHTML, like Gecko; compatible; bingbot/2.0; +http://www.bing.com/bingbot.htm) Chrome/116.0.1938.76 Safari/537.36" "-"
2a03:2880:f800:: - - [04/Mar/2026:06:46:15 -0500] "GET /wordpress/wp-content/uploads/truman-architects-classic-townhouse-01a.jpg HTTP/1.1" 301 358 truman-architects.com "-" "meta-externalagent/1.1 (+https://developers.facebook.com/docs/sharing/webmasters/crawler)" "-"
2a03:2880:f800:: - - [04/Mar/2026:06:46:18 -0500] "GET /wordpress/wp-content/uploads/truman-architects-classic-townhouse-01a.jpg HTTP/1.1" 404 140090 catherinetrumanarchitects.com "-" "meta-externalagent/1.1 (+https://developers.facebook.com/docs/sharing/webmasters/crawler)" "-"
178.156.136.0 - - [04/Mar/2026:06:46:35 -0500] "POST /wp-load.php?e8ab83=65783 HTTP/1.1" 200 19592 catherinetrumanarchitects.com "-" "Mozilla/5.0 (Windows NT 10.0; Win64; x64) AppleWebKit/537.36 (KHTML, like Gecko) Chrome/104.0.5112.97 Safari/537.36" "-"
51.68.236.0 - - [04/Mar/2026:06:47:29 -0500] "GET /robots.txt HTTP/1.1" 301 296 truman-architects.com "-" "Mozilla/5.0 (compatible; MJ12bot/v2.0.5; http://mj12bot.com/)" "-"
51.68.236.0 - - [04/Mar/2026:06:47:30 -0500] "GET /robots.txt HTTP/1.1" 200 187 catherinetrumanarchitects.com "-" "Mozilla/5.0 (compatible; MJ12bot/v2.0.5; http://mj12bot.com/)" "-"
51.68.236.0 - - [04/Mar/2026:06:47:31 -0500] "GET / HTTP/1.1" 301 286 truman-architects.com "-" "Mozilla/5.0 (compatible; MJ12bot/v2.0.5; http://mj12bot.com/)" "-"
51.68.236.0 - - [04/Mar/2026:06:47:31 -0500] "GET / HTTP/1.1" 200 111409 catherinetrumanarchitects.com "-" "Mozilla/5.0 (compatible; MJ12bot/v2.0.5; http://mj12bot.com/)" "-"
74.7.244.0 - - [04/Mar/2026:06:51:27 -0500] "GET /robots.txt HTTP/1.1" 200 187 catherinetrumanarchitects.com "-" "Mozilla/5.0 (Macintosh; Intel Mac OS X 10_15_7) AppleWebKit/537.36 (KHTML, like Gecko) Chrome/131.0.0.0 Safari/537.36; compatible; OAI-SearchBot/1.3; robots.txt; +https://openai.com/searchbot" "-"
74.208.59.0 - - [04/Mar/2026:06:51:28 -0500] "POST /wp-cron.php?doing_wp_cron=1772625088.5973730087280273437500 HTTP/1.1" 200 - catherinetrumanarchitects.com "-" "WordPress/6.9.1; https://catherinetrumanarchitects.com" "-"
2a03:2880:f800:: - - [04/Mar/2026:06:53:12 -0500] "GET /wordpress/wp-content/uploads/truman-architects-classic-townhouse-before-18d.jpg HTTP/1.1" 301 365 truman-architects.com "-" "meta-externalagent/1.1 (+https://developers.facebook.com/docs/sharing/webmasters/crawler)" "-"
2a03:2880:f800:: - - [04/Mar/2026:06:53:15 -0500] "GET /wordpress/wp-content/uploads/truman-architects-classic-townhouse-before-18d.jpg HTTP/1.1" 404 140090 catherinetrumanarchitects.com "-" "meta-externalagent/1.1 (+https://developers.facebook.com/docs/sharing/webmasters/crawler)" "-"
2a03:2880:f800:: - - [04/Mar/2026:06:53:44 -0500] "GET /wordpress/wp-content/uploads/truman-architects-great-camp-barn-before-05.jpg HTTP/1.1" 301 362 truman-architects.com "-" "meta-externalagent/1.1 (+https://developers.facebook.com/docs/sharing/webmasters/crawler)" "-"
2a03:2880:f800:: - - [04/Mar/2026:06:53:46 -0500] "GET /wordpress/wp-content/uploads/truman-architects-great-camp-barn-before-05.jpg HTTP/1.1" 404 140090 catherinetrumanarchitects.com "-" "meta-externalagent/1.1 (+https://developers.facebook.com/docs/sharing/webmasters/crawler)" "-"
2a03:2880:f800:: - - [04/Mar/2026:06:54:02 -0500] "GET /wordpress/wp-content/uploads/truman-architects-247commave-06.jpg HTTP/1.1" 301 350 truman-architects.com "-" "meta-externalagent/1.1 (+https://developers.facebook.com/docs/sharing/webmasters/crawler)" "-"
2a03:2880:f800:: - - [04/Mar/2026:06:54:04 -0500] "GET /wordpress/wp-content/uploads/truman-architects-247commave-06.jpg HTTP/1.1" 404 140090 catherinetrumanarchitects.com "-" "meta-externalagent/1.1 (+https://developers.facebook.com/docs/sharing/webmasters/crawler)" "-"
2a03:2880:f800:: - - [04/Mar/2026:06:54:14 -0500] "GET /wordpress/wp-content/uploads/catherine-truman-architects-nhint-07-960x564.jpg HTTP/1.1" 301 363 truman-architects.com "-" "meta-externalagent/1.1 (+https://developers.facebook.com/docs/sharing/webmasters/crawler)" "-"
2a03:2880:f800:: - - [04/Mar/2026:06:54:16 -0500] "GET /wordpress/wp-content/uploads/catherine-truman-architects-nhint-07-960x564.jpg HTTP/1.1" 404 140090 catherinetrumanarchitects.com "-" "meta-externalagent/1.1 (+https://developers.facebook.com/docs/sharing/webmasters/crawler)" "-"
2a03:2880:f800:: - - [04/Mar/2026:06:55:05 -0500] "GET /wordpress/wp-content/uploads/truman-architects-modern-townhouse-ext-03.jpg HTTP/1.1" 301 360 truman-architects.com "-" "meta-externalagent/1.1 (+https://developers.facebook.com/docs/sharing/webmasters/crawler)" "-"
2a03:2880:f800:: - - [04/Mar/2026:06:55:07 -0500] "GET /wordpress/wp-content/uploads/truman-architects-247commave-52.jpg HTTP/1.1" 301 350 truman-architects.com "-" "meta-externalagent/1.1 (+https://developers.facebook.com/docs/sharing/webmasters/crawler)" "-"
2a03:2880:f800:: - - [04/Mar/2026:06:55:07 -0500] "GET /wordpress/wp-content/uploads/truman-architects-modern-townhouse-ext-03.jpg HTTP/1.1" 404 140090 catherinetrumanarchitects.com "-" "meta-externalagent/1.1 (+https://developers.facebook.com/docs/sharing/webmasters/crawler)" "-"
2a03:2880:f800:: - - [04/Mar/2026:06:55:12 -0500] "GET /wordpress/wp-content/uploads/truman-architects-247commave-52.jpg HTTP/1.1" 404 140090 catherinetrumanarchitects.com "-" "meta-externalagent/1.1 (+https://developers.facebook.com/docs/sharing/webmasters/crawler)" "-"
2a03:2880:f800:: - - [04/Mar/2026:06:55:15 -0500] "GET /wordpress/wp-content/uploads/truman-architects-great-camp-main-house-after-12.jpg HTTP/1.1" 301 367 truman-architects.com "-" "meta-externalagent/1.1 (+https://developers.facebook.com/docs/sharing/webmasters/crawler)" "-"
2a03:2880:f800:: - - [04/Mar/2026:06:55:17 -0500] "GET /wordpress/wp-content/uploads/truman-architects-great-camp-main-house-after-12.jpg HTTP/1.1" 404 140090 catherinetrumanarchitects.com "-" "meta-externalagent/1.1 (+https://developers.facebook.com/docs/sharing/webmasters/crawler)" "-"
2804:d41:a100:: - - [04/Mar/2026:06:55:22 -0500] "GET /wp-json/wp/v2/users HTTP/1.1" 200 7427 catherinetrumanarchitects.com "-" "Mozilla/4.0 (compatible; Win32; WinHttp.WinHttpRequest.5)" "-"
120.222.228.0 - - [04/Mar/2026:06:56:35 -0500] "GET / HTTP/1.1" 200 111417 catherinetrumanarchitects.com "-" "Mozilla/5.0 (Windows NT 10.0; Win64; x64) AppleWebKit/537.36 (KHTML, like Gecko) Chrome/139.0.0.0 Safari/537.36" "-"
120.222.228.0 - - [04/Mar/2026:06:56:38 -0500] "GET /wp-content/plugins/popups-for-divi/styles/front.min.css?ver=3.2.3 HTTP/1.1" 200 7239 catherinetrumanarchitects.com "https://catherinetrumanarchitects.com/" "Mozilla/5.0 (Windows NT 10.0; Win64; x64) AppleWebKit/537.36 (KHTML, like Gecko) Chrome/139.0.0.0 Safari/537.36" "-"
120.222.228.0 - - [04/Mar/2026:06:56:38 -0500] "GET /wp-content/plugins/popups-for-divi/styles/front-popuphidden.min.css?ver=3.2.3 HTTP/1.1" 200 21 catherinetrumanarchitects.com "https://catherinetrumanarchitects.com/" "Mozilla/5.0 (Windows NT 10.0; Win64; x64) AppleWebKit/537.36 (KHTML, like Gecko) Chrome/139.0.0.0 Safari/537.36" "-"
120.222.228.0 - - [04/Mar/2026:06:56:38 -0500] "GET /wp-content/et-cache/12/et-divi-dynamic-tb-28-12.css?ver=1771433755 HTTP/1.1" 200 19669 catherinetrumanarchitects.com "https://catherinetrumanarchitects.com/" "Mozilla/5.0 (Windows NT 10.0; Win64; x64) AppleWebKit/537.36 (KHTML, like Gecko) Chrome/139.0.0.0 Safari/537.36" "-"
120.222.228.0 - - [04/Mar/2026:06:56:38 -0500] "GET /wp-content/themes/Divi_Child/assets/jquery.fancybox.min.css?ver=6.9.1 HTTP/1.1" 200 12795 catherinetrumanarchitects.com "https://catherinetrumanarchitects.com/" "Mozilla/5.0 (Windows NT 10.0; Win64; x64) AppleWebKit/537.36 (KHTML, like Gecko) Chrome/139.0.0.0 Safari/537.36" "-"
120.222.228.0 - - [04/Mar/2026:06:56:38 -0500] "GET /wp-content/themes/Divi_Child/assets/owl.carousel.min.css?ver=6.9.1 HTTP/1.1" 200 3351 catherinetrumanarchitects.com "https://catherinetrumanarchitects.com/" "Mozilla/5.0 (Windows NT 10.0; Win64; x64) AppleWebKit/537.36 (KHTML, like Gecko) Chrome/139.0.0.0 Safari/537.36" "-"
120.222.228.0 - - [04/Mar/2026:06:56:38 -0500] "GET /wp-content/themes/Divi_Child/assets/BeerSlider.unmin.css?ver=6.9.1 HTTP/1.1" 200 2632 catherinetrumanarchitects.com "https://catherinetrumanarchitects.com/" "Mozilla/5.0 (Windows NT 10.0; Win64; x64) AppleWebKit/537.36 (KHTML, like Gecko) Chrome/139.0.0.0 Safari/537.36" "-"
120.222.228.0 - - [04/Mar/2026:06:56:38 -0500] "GET /wp-content/themes/Divi_Child/style.css?ver=4.27.5 HTTP/1.1" 200 98438 catherinetrumanarchitects.com "https://catherinetrumanarchitects.com/" "Mozilla/5.0 (Windows NT 10.0; Win64; x64) AppleWebKit/537.36 (KHTML, like Gecko) Chrome/139.0.0.0 Safari/537.36" "-"
120.222.228.0 - - [04/Mar/2026:06:56:39 -0500] "GET /wp-content/plugins/popups-for-divi/scripts/ie-compat.min.js?ver=3.2.3 HTTP/1.1" 200 10002 catherinetrumanarchitects.com "https://catherinetrumanarchitects.com/" "Mozilla/5.0 (Windows NT 10.0; Win64; x64) AppleWebKit/537.36 (KHTML, like Gecko) Chrome/139.0.0.0 Safari/537.36" "-"
120.222.228.0 - - [04/Mar/2026:06:56:39 -0500] "GET /wp-includes/js/jquery/jquery.min.js?ver=3.7.1 HTTP/1.1" 200 87553 catherinetrumanarchitects.com "https://catherinetrumanarchitects.com/" "Mozilla/5.0 (Windows NT 10.0; Win64; x64) AppleWebKit/537.36 (KHTML, like Gecko) Chrome/139.0.0.0 Safari/537.36" "-"
120.222.228.0 - - [04/Mar/2026:06:56:39 -0500] "GET /wp-includes/js/jquery/jquery-migrate.min.js?ver=3.4.1 HTTP/1.1" 200 13577 catherinetrumanarchitects.com "https://catherinetrumanarchitects.com/" "Mozilla/5.0 (Windows NT 10.0; Win64; x64) AppleWebKit/537.36 (KHTML, like Gecko) Chrome/139.0.0.0 Safari/537.36" "-"
120.222.228.0 - - [04/Mar/2026:06:56:44 -0500] "GET /wp-content/plugins/popups-for-divi/scripts/front.min.js?ver=3.2.3 HTTP/1.1" 200 66561 catherinetrumanarchitects.com "https://catherinetrumanarchitects.com/" "Mozilla/5.0 (Windows NT 10.0; Win64; x64) AppleWebKit/537.36 (KHTML, like Gecko) Chrome/139.0.0.0 Safari/537.36" "-"
120.222.228.0 - - [04/Mar/2026:06:56:44 -0500] "GET /wp-content/themes/Divi_Child/assets/custom-script.js?ver=1.7 HTTP/1.1" 200 31663 catherinetrumanarchitects.com "https://catherinetrumanarchitects.com/" "Mozilla/5.0 (Windows NT 10.0; Win64; x64) AppleWebKit/537.36 (KHTML, like Gecko) Chrome/139.0.0.0 Safari/537.36" "-"
120.222.228.0 - - [04/Mar/2026:06:56:44 -0500] "GET /wp-content/themes/Divi_Child/assets/owl.carousel.min.js?ver=1.0 HTTP/1.1" 200 44342 catherinetrumanarchitects.com "https://catherinetrumanarchitects.com/" "Mozilla/5.0 (Windows NT 10.0; Win64; x64) AppleWebKit/537.36 (KHTML, like Gecko) Chrome/139.0.0.0 Safari/537.36" "-"
120.222.228.0 - - [04/Mar/2026:06:56:44 -0500] "GET /wp-content/themes/Divi_Child/assets/BeerSlider.unmin.js?ver=1.0 HTTP/1.1" 200 75724 catherinetrumanarchitects.com "https://catherinetrumanarchitects.com/" "Mozilla/5.0 (Windows NT 10.0; Win64; x64) AppleWebKit/537.36 (KHTML, like Gecko) Chrome/139.0.0.0 Safari/537.36" "-"
120.222.228.0 - - [04/Mar/2026:06:56:44 -0500] "GET /wp-content/themes/Divi_Child/assets/jquery.fancybox.min.js?ver=1.0 HTTP/1.1" 200 68196 catherinetrumanarchitects.com "https://catherinetrumanarchitects.com/" "Mozilla/5.0 (Windows NT 10.0; Win64; x64) AppleWebKit/537.36 (KHTML, like Gecko) Chrome/139.0.0.0 Safari/537.36" "-"
120.222.228.0 - - [04/Mar/2026:06:56:44 -0500] "GET /wp-content/themes/Divi/js/scripts.min.js?ver=4.27.5 HTTP/1.1" 200 274461 catherinetrumanarchitects.com "https://catherinetrumanarchitects.com/" "Mozilla/5.0 (Windows NT 10.0; Win64; x64) AppleWebKit/537.36 (KHTML, like Gecko) Chrome/139.0.0.0 Safari/537.36" "-"
120.222.228.0 - - [04/Mar/2026:06:56:46 -0500] "GET /wp-content/themes/Divi/js/smoothscroll.js?ver=4.27.5 HTTP/1.1" 200 5714 catherinetrumanarchitects.com "https://catherinetrumanarchitects.com/" "Mozilla/5.0 (Windows NT 10.0; Win64; x64) AppleWebKit/537.36 (KHTML, like Gecko) Chrome/139.0.0.0 Safari/537.36" "-"
120.222.228.0 - - [04/Mar/2026:06:56:47 -0500] "GET /wp-content/themes/Divi/includes/builder/feature/dynamic-assets/assets/js/jquery.fitvids.js?ver=4.27.5 HTTP/1.1" 200 3349 catherinetrumanarchitects.com "https://catherinetrumanarchitects.com/" "Mozilla/5.0 (Windows NT 10.0; Win64; x64) AppleWebKit/537.36 (KHTML, like Gecko) Chrome/139.0.0.0 Safari/537.36" "-"
120.222.228.0 - - [04/Mar/2026:06:56:48 -0500] "GET /wp-content/themes/Divi/includes/builder/feature/dynamic-assets/assets/js/jquery.mobile.js?ver=4.27.5 HTTP/1.1" 200 10776 catherinetrumanarchitects.com "https://catherinetrumanarchitects.com/" "Mozilla/5.0 (Windows NT 10.0; Win64; x64) AppleWebKit/537.36 (KHTML, like Gecko) Chrome/139.0.0.0 Safari/537.36" "-"
120.222.228.0 - - [04/Mar/2026:06:56:49 -0500] "GET /wp-content/themes/Divi/core/admin/js/common.js?ver=4.27.5 HTTP/1.1" 200 1343 catherinetrumanarchitects.com "https://catherinetrumanarchitects.com/" "Mozilla/5.0 (Windows NT 10.0; Win64; x64) AppleWebKit/537.36 (KHTML, like Gecko) Chrome/139.0.0.0 Safari/537.36" "-"
2804:d41:a100:: - - [04/Mar/2026:06:56:54 -0500] "POST /xmlrpc.php HTTP/1.1" 503 339 catherinetrumanarchitects.com "-" "Mozilla/5.0 (Linux; Android 10; x86) AppleWebKit/537.36 (KHTML, like Gecko) Chrome/110.0.0.0 Safari/537.36" "-"
2a03:2880:f800:: - - [04/Mar/2026:06:57:00 -0500] "GET /wordpress/wp-content/uploads/catherine-truman-architects-nhint-30-960x564.jpg HTTP/1.1" 301 363 truman-architects.com "-" "meta-externalagent/1.1 (+https://developers.facebook.com/docs/sharing/webmasters/crawler)" "-"
2a03:2880:f800:: - - [04/Mar/2026:06:57:02 -0500] "GET /wordpress/wp-content/uploads/catherine-truman-architects-nhint-30-960x564.jpg HTTP/1.1" 404 140090 catherinetrumanarchitects.com "-" "meta-externalagent/1.1 (+https://developers.facebook.com/docs/sharing/webmasters/crawler)" "-"
2a03:2880:f800:: - - [04/Mar/2026:06:57:46 -0500] "GET /wordpress/wp-content/uploads/truman-architects-wellesley-renovation-before-03a.jpg HTTP/1.1" 301 368 truman-architects.com "-" "meta-externalagent/1.1 (+https://developers.facebook.com/docs/sharing/webmasters/crawler)" "-"
2a03:2880:f800:: - - [04/Mar/2026:06:57:48 -0500] "GET /wordpress/wp-content/uploads/truman-architects-wellesley-renovation-before-03a.jpg HTTP/1.1" 404 140090 catherinetrumanarchitects.com "-" "meta-externalagent/1.1 (+https://developers.facebook.com/docs/sharing/webmasters/crawler)" "-"
2804:d41:a100:: - - [04/Mar/2026:06:58:02 -0500] "POST /xmlrpc.php HTTP/1.1" 200 403 catherinetrumanarchitects.com "-" "Mozilla/5.0 (Windows NT 6.3; x86) AppleWebKit/537.36 (KHTML, like Gecko) Firefox/81.0.0.0 Safari/537.36" "-"
20.206.68.0 - - [04/Mar/2026:06:58:49 -0500] "GET /wp-content/uploads/2023/06/new-england-home-january2017-cover.jpg HTTP/1.1" 200 885401 catherinetrumanarchitects.com "-" "Mozilla/5.0 (compatible; BingIndexCrawler/1.0)" "-"
2804:d41:a100:: - - [04/Mar/2026:06:59:03 -0500] "POST /xmlrpc.php HTTP/1.1" 200 403 catherinetrumanarchitects.com "-" "Mozilla/5.0 (Linux; Android 10; arm64) AppleWebKit/537.36 (KHTML, like Gecko) Firefox/93.0.0.0 Safari/537.36" "-"
2804:d41:a100:: - - [04/Mar/2026:06:59:58 -0500] "POST /xmlrpc.php HTTP/1.1" 200 403 catherinetrumanarchitects.com "-" "Mozilla/5.0 (Windows NT 10.0; x86) AppleWebKit/537.36 (KHTML, like Gecko) Safari/10.0.0.0 Safari/537.36" "-"
2804:d41:a100:: - - [04/Mar/2026:07:01:06 -0500] "POST /xmlrpc.php HTTP/1.1" 200 403 catherinetrumanarchitects.com "-" "Mozilla/5.0 (Windows NT 10.0; arm64) AppleWebKit/537.36 (KHTML, like Gecko) Safari/10.0.0.0 Safari/537.36" "-"
52.167.144.0 - - [04/Mar/2026:07:01:20 -0500] "GET /wp-content/uploads/2023/04/17-min-scaled.jpg HTTP/1.1" 200 902190 catherinetrumanarchitects.com "-" "Mozilla/5.0 AppleWebKit/537.36 (KHTML, like Gecko; compatible; bingbot/2.0; +http://www.bing.com/bingbot.htm) Chrome/116.0.1938.76 Safari/537.36" "-"
5.161.177.0 - - [04/Mar/2026:07:01:54 -0500] "POST /wp-load.php?d873b4=69478 HTTP/1.1" 200 24864 catherinetrumanarchitects.com "-" "Mozilla/5.0 (Windows NT 10.0; Win64; x64) AppleWebKit/537.36 (KHTML, like Gecko) Chrome/104.0.5112.97 Safari/537.36" "-"
2a03:2880:f800:: - - [04/Mar/2026:07:02:10 -0500] "GET /wordpress/wp-content/uploads/truman-architects-west-cedar-reno-before-06d.jpg HTTP/1.1" 301 363 truman-architects.com "-" "meta-externalagent/1.1 (+https://developers.facebook.com/docs/sharing/webmasters/crawler)" "-"
2804:d41:a100:: - - [04/Mar/2026:07:02:11 -0500] "POST /xmlrpc.php HTTP/1.1" 200 403 catherinetrumanarchitects.com "-" "Mozilla/5.0 (Windows NT 6.2; x64) AppleWebKit/537.36 (KHTML, like Gecko) Edge/83.0.0.0 Safari/537.36" "-"
2a03:2880:f800:: - - [04/Mar/2026:07:02:12 -0500] "GET /wordpress/wp-content/uploads/truman-architects-west-cedar-reno-before-06d.jpg HTTP/1.1" 404 140090 catherinetrumanarchitects.com "-" "meta-externalagent/1.1 (+https://developers.facebook.com/docs/sharing/webmasters/crawler)" "-"
2804:d41:a100:: - - [04/Mar/2026:07:03:04 -0500] "POST /xmlrpc.php HTTP/1.1" 200 403 catherinetrumanarchitects.com "-" "Mozilla/5.0 (Linux; Android 10; x64) AppleWebKit/537.36 (KHTML, like Gecko) Safari/12.0.0.0 Safari/537.36" "-"
74.7.175.0 - - [04/Mar/2026:07:03:59 -0500] "GET /robots.txt HTTP/1.1" 301 - www.catherinetrumanarchitects.com "-" "Mozilla/5.0 (Macintosh; Intel Mac OS X 10_15_7) AppleWebKit/537.36 (KHTML, like Gecko) Chrome/131.0.0.0 Safari/537.36; compatible; OAI-SearchBot/1.3; robots.txt; +https://openai.com/searchbot" "-"
74.7.242.0 - - [04/Mar/2026:07:03:59 -0500] "GET / HTTP/1.1" 301 - www.catherinetrumanarchitects.com "-" "Mozilla/5.0 AppleWebKit/537.36 (KHTML, like Gecko; compatible; GPTBot/1.3; +https://openai.com/gptbot)" "-"
74.7.175.0 - - [04/Mar/2026:07:04:00 -0500] "GET /robots.txt HTTP/1.1" 200 187 catherinetrumanarchitects.com "https://www.catherinetrumanarchitects.com/robots.txt" "Mozilla/5.0 (Macintosh; Intel Mac OS X 10_15_7) AppleWebKit/537.36 (KHTML, like Gecko) Chrome/131.0.0.0 Safari/537.36; compatible; OAI-SearchBot/1.3; robots.txt; +https://openai.com/searchbot" "-"
2a03:2880:f800:: - - [04/Mar/2026:07:04:05 -0500] "GET /wordpress/wp-content/uploads/truman-architects-farm-house-renovation-before-15a.jpg HTTP/1.1" 301 369 truman-architects.com "-" "meta-externalagent/1.1 (+https://developers.facebook.com/docs/sharing/webmasters/crawler)" "-"
2a03:2880:f800:: - - [04/Mar/2026:07:04:08 -0500] "GET /wordpress/wp-content/uploads/truman-architects-farm-house-renovation-before-15a.jpg HTTP/1.1" 404 140090 catherinetrumanarchitects.com "-" "meta-externalagent/1.1 (+https://developers.facebook.com/docs/sharing/webmasters/crawler)" "-"
2804:d41:a100:: - - [04/Mar/2026:07:04:13 -0500] "POST /xmlrpc.php HTTP/1.1" 200 403 catherinetrumanarchitects.com "-" "Mozilla/5.0 (Windows NT 6.2; arm64) AppleWebKit/537.36 (KHTML, like Gecko) Safari/12.0.0.0 Safari/537.36" "-"
2a03:2880:f800:: - - [04/Mar/2026:07:04:27 -0500] "GET /wordpress/wp-content/uploads/truman-architects-baker-kitchen-before-3.jpg HTTP/1.1" 301 359 truman-architects.com "-" "meta-externalagent/1.1 (+https://developers.facebook.com/docs/sharing/webmasters/crawler)" "-"
2a03:2880:f800:: - - [04/Mar/2026:07:04:31 -0500] "GET /wordpress/wp-content/uploads/truman-architects-baker-kitchen-before-3.jpg HTTP/1.1" 404 140090 catherinetrumanarchitects.com "-" "meta-externalagent/1.1 (+https://developers.facebook.com/docs/sharing/webmasters/crawler)" "-"
2a03:2880:f800:: - - [04/Mar/2026:07:05:09 -0500] "GET /wordpress/wp-content/uploads/truman-architects-modern-townhouse-15.jpg HTTP/1.1" 301 356 truman-architects.com "-" "meta-externalagent/1.1 (+https://developers.facebook.com/docs/sharing/webmasters/crawler)" "-"
2a03:2880:f800:: - - [04/Mar/2026:07:05:12 -0500] "GET /wordpress/wp-content/uploads/truman-architects-modern-townhouse-15.jpg HTTP/1.1" 404 140090 catherinetrumanarchitects.com "-" "meta-externalagent/1.1 (+https://developers.facebook.com/docs/sharing/webmasters/crawler)" "-"
2804:d41:a100:: - - [04/Mar/2026:07:05:19 -0500] "POST /xmlrpc.php HTTP/1.1" 503 339 catherinetrumanarchitects.com "-" "Mozilla/5.0 (Windows NT 10.0; x86) AppleWebKit/537.36 (KHTML, like Gecko) Chrome/96.0.0.0 Safari/537.36" "-"
2804:d41:a100:: - - [04/Mar/2026:07:06:11 -0500] "POST /xmlrpc.php HTTP/1.1" 503 339 catherinetrumanarchitects.com "-" "Mozilla/5.0 (Windows NT 6.2; x64) AppleWebKit/537.36 (KHTML, like Gecko) Chrome/92.0.0.0 Safari/537.36" "-"
206.204.28.0 - - [04/Mar/2026:07:06:50 -0500] "HEAD / HTTP/1.1" 301 - truman-architects.com "-" "Mozilla/5.0 (Linux; Android 10; K) AppleWebKit/537.36 (KHTML, like Gecko) Chrome/122.0.0.0 Mobile Safari/537.36" "-"
206.204.28.0 - - [04/Mar/2026:07:06:51 -0500] "HEAD / HTTP/1.1" 200 - catherinetrumanarchitects.com "-" "Mozilla/5.0 (Linux; Android 10; K) AppleWebKit/537.36 (KHTML, like Gecko) Chrome/122.0.0.0 Mobile Safari/537.36" "-"
2a03:2880:f800:: - - [04/Mar/2026:07:06:51 -0500] "GET /wordpress/wp-content/uploads/truman-architects-townhouse07.jpg HTTP/1.1" 301 348 truman-architects.com "-" "meta-externalagent/1.1 (+https://developers.facebook.com/docs/sharing/webmasters/crawler)" "-"
91.92.216.0 - - [04/Mar/2026:07:06:52 -0500] "GET /robots.txt HTTP/1.1" 200 187 catherinetrumanarchitects.com "-" "Mozilla/5.0 (Linux; Android 10; K) AppleWebKit/537.36 (KHTML, like Gecko) Chrome/122.0.0.0 Mobile Safari/537.36" "-"
2a03:2880:f800:: - - [04/Mar/2026:07:06:54 -0500] "GET /wordpress/wp-content/uploads/truman-architects-townhouse07.jpg HTTP/1.1" 404 140090 catherinetrumanarchitects.com "-" "meta-externalagent/1.1 (+https://developers.facebook.com/docs/sharing/webmasters/crawler)" "-"
139.28.137.0 - - [04/Mar/2026:07:06:56 -0500] "GET / HTTP/1.1" 200 111415 catherinetrumanarchitects.com "-" "Mozilla/5.0 (Linux; Android 10; K) AppleWebKit/537.36 (KHTML, like Gecko) Chrome/122.0.0.0 Mobile Safari/537.36" "-"
139.28.137.0 - - [04/Mar/2026:07:06:58 -0500] "GET /wp-content/plugins/popups-for-divi/styles/front.min.css?ver=3.2.3 HTTP/1.1" 200 7239 catherinetrumanarchitects.com "https://catherinetrumanarchitects.com/" "Mozilla/5.0 (Linux; Android 10; K) AppleWebKit/537.36 (KHTML, like Gecko) Chrome/122.0.0.0 Mobile Safari/537.36" "-"
139.28.137.0 - - [04/Mar/2026:07:06:58 -0500] "GET /wp-content/themes/Divi_Child/style.css?ver=4.27.5 HTTP/1.1" 200 98438 catherinetrumanarchitects.com "https://catherinetrumanarchitects.com/" "Mozilla/5.0 (Linux; Android 10; K) AppleWebKit/537.36 (KHTML, like Gecko) Chrome/122.0.0.0 Mobile Safari/537.36" "-"
139.28.137.0 - - [04/Mar/2026:07:06:58 -0500] "GET /wp-content/plugins/popups-for-divi/styles/front-popuphidden.min.css?ver=3.2.3 HTTP/1.1" 200 21 catherinetrumanarchitects.com "https://catherinetrumanarchitects.com/" "Mozilla/5.0 (Linux; Android 10; K) AppleWebKit/537.36 (KHTML, like Gecko) Chrome/122.0.0.0 Mobile Safari/537.36" "-"
139.28.137.0 - - [04/Mar/2026:07:06:59 -0500] "GET /wp-content/themes/Divi_Child/assets/BeerSlider.unmin.css?ver=6.9.1 HTTP/1.1" 200 2632 catherinetrumanarchitects.com "https://catherinetrumanarchitects.com/" "Mozilla/5.0 (Linux; Android 10; K) AppleWebKit/537.36 (KHTML, like Gecko) Chrome/122.0.0.0 Mobile Safari/537.36" "-"
139.28.137.0 - - [04/Mar/2026:07:06:59 -0500] "GET /wp-content/themes/Divi_Child/assets/jquery.fancybox.min.css?ver=6.9.1 HTTP/1.1" 200 12795 catherinetrumanarchitects.com "https://catherinetrumanarchitects.com/" "Mozilla/5.0 (Linux; Android 10; K) AppleWebKit/537.36 (KHTML, like Gecko) Chrome/122.0.0.0 Mobile Safari/537.36" "-"
139.28.137.0 - - [04/Mar/2026:07:06:59 -0500] "GET /wp-content/themes/Divi_Child/assets/owl.carousel.min.css?ver=6.9.1 HTTP/1.1" 200 3351 catherinetrumanarchitects.com "https://catherinetrumanarchitects.com/" "Mozilla/5.0 (Linux; Android 10; K) AppleWebKit/537.36 (KHTML, like Gecko) Chrome/122.0.0.0 Mobile Safari/537.36" "-"
139.28.137.0 - - [04/Mar/2026:07:06:59 -0500] "GET /wp-content/plugins/popups-for-divi/scripts/ie-compat.min.js?ver=3.2.3 HTTP/1.1" 200 10002 catherinetrumanarchitects.com "https://catherinetrumanarchitects.com/" "Mozilla/5.0 (Linux; Android 10; K) AppleWebKit/537.36 (KHTML, like Gecko) Chrome/122.0.0.0 Mobile Safari/537.36" "-"
139.28.137.0 - - [04/Mar/2026:07:06:59 -0500] "GET /wp-content/et-cache/12/et-divi-dynamic-tb-28-12.css?ver=1771433755 HTTP/1.1" 200 19669 catherinetrumanarchitects.com "https://catherinetrumanarchitects.com/" "Mozilla/5.0 (Linux; Android 10; K) AppleWebKit/537.36 (KHTML, like Gecko) Chrome/122.0.0.0 Mobile Safari/537.36" "-"
139.28.137.0 - - [04/Mar/2026:07:06:59 -0500] "GET /wp-content/uploads/2023/03/CTA-logo_outlines.svg HTTP/1.1" 200 7181 catherinetrumanarchitects.com "https://catherinetrumanarchitects.com/" "Mozilla/5.0 (Linux; Android 10; K) AppleWebKit/537.36 (KHTML, like Gecko) Chrome/122.0.0.0 Mobile Safari/537.36" "-"
139.28.137.0 - - [04/Mar/2026:07:06:59 -0500] "GET /wp-includes/js/jquery/jquery.min.js?ver=3.7.1 HTTP/1.1" 200 87553 catherinetrumanarchitects.com "https://catherinetrumanarchitects.com/" "Mozilla/5.0 (Linux; Android 10; K) AppleWebKit/537.36 (KHTML, like Gecko) Chrome/122.0.0.0 Mobile Safari/537.36" "-"
139.28.137.0 - - [04/Mar/2026:07:07:00 -0500] "GET /wp-content/themes/Divi_Child/assets/BeerSlider.unmin.js?ver=1.0 HTTP/1.1" 200 75724 catherinetrumanarchitects.com "https://catherinetrumanarchitects.com/" "Mozilla/5.0 (Linux; Android 10; K) AppleWebKit/537.36 (KHTML, like Gecko) Chrome/122.0.0.0 Mobile Safari/537.36" "-"
139.28.137.0 - - [04/Mar/2026:07:07:00 -0500] "GET /wp-content/plugins/popups-for-divi/scripts/front.min.js?ver=3.2.3 HTTP/1.1" 200 66561 catherinetrumanarchitects.com "https://catherinetrumanarchitects.com/" "Mozilla/5.0 (Linux; Android 10; K) AppleWebKit/537.36 (KHTML, like Gecko) Chrome/122.0.0.0 Mobile Safari/537.36" "-"
139.28.137.0 - - [04/Mar/2026:07:07:00 -0500] "GET /wp-content/themes/Divi_Child/assets/owl.carousel.min.js?ver=1.0 HTTP/1.1" 200 44342 catherinetrumanarchitects.com "https://catherinetrumanarchitects.com/" "Mozilla/5.0 (Linux; Android 10; K) AppleWebKit/537.36 (KHTML, like Gecko) Chrome/122.0.0.0 Mobile Safari/537.36" "-"
139.28.137.0 - - [04/Mar/2026:07:07:00 -0500] "GET /wp-content/themes/Divi_Child/assets/jquery.fancybox.min.js?ver=1.0 HTTP/1.1" 200 68196 catherinetrumanarchitects.com "https://catherinetrumanarchitects.com/" "Mozilla/5.0 (Linux; Android 10; K) AppleWebKit/537.36 (KHTML, like Gecko) Chrome/122.0.0.0 Mobile Safari/537.36" "-"
139.28.137.0 - - [04/Mar/2026:07:07:00 -0500] "GET /wp-includes/js/jquery/jquery-migrate.min.js?ver=3.4.1 HTTP/1.1" 200 13577 catherinetrumanarchitects.com "https://catherinetrumanarchitects.com/" "Mozilla/5.0 (Linux; Android 10; K) AppleWebKit/537.36 (KHTML, like Gecko) Chrome/122.0.0.0 Mobile Safari/537.36" "-"
139.28.137.0 - - [04/Mar/2026:07:07:00 -0500] "GET /wp-content/themes/Divi/js/smoothscroll.js?ver=4.27.5 HTTP/1.1" 200 5714 catherinetrumanarchitects.com "https://catherinetrumanarchitects.com/" "Mozilla/5.0 (Linux; Android 10; K) AppleWebKit/537.36 (KHTML, like Gecko) Chrome/122.0.0.0 Mobile Safari/537.36" "-"
139.28.137.0 - - [04/Mar/2026:07:07:00 -0500] "GET /wp-content/themes/Divi_Child/assets/custom-script.js?ver=1.7 HTTP/1.1" 200 31663 catherinetrumanarchitects.com "https://catherinetrumanarchitects.com/" "Mozilla/5.0 (Linux; Android 10; K) AppleWebKit/537.36 (KHTML, like Gecko) Chrome/122.0.0.0 Mobile Safari/537.36" "-"
139.28.137.0 - - [04/Mar/2026:07:07:00 -0500] "GET /wp-content/themes/Divi/includes/builder/feature/dynamic-assets/assets/js/jquery.fitvids.js?ver=4.27.5 HTTP/1.1" 200 3349 catherinetrumanarchitects.com "https://catherinetrumanarchitects.com/" "Mozilla/5.0 (Linux; Android 10; K) AppleWebKit/537.36 (KHTML, like Gecko) Chrome/122.0.0.0 Mobile Safari/537.36" "-"
139.28.137.0 - - [04/Mar/2026:07:07:00 -0500] "GET /wp-content/themes/Divi/js/scripts.min.js?ver=4.27.5 HTTP/1.1" 200 274461 catherinetrumanarchitects.com "https://catherinetrumanarchitects.com/" "Mozilla/5.0 (Linux; Android 10; K) AppleWebKit/537.36 (KHTML, like Gecko) Chrome/122.0.0.0 Mobile Safari/537.36" "-"
139.28.137.0 - - [04/Mar/2026:07:07:00 -0500] "GET /wp-content/themes/Divi/core/admin/js/common.js?ver=4.27.5 HTTP/1.1" 200 1343 catherinetrumanarchitects.com "https://catherinetrumanarchitects.com/" "Mozilla/5.0 (Linux; Android 10; K) AppleWebKit/537.36 (KHTML, like Gecko) Chrome/122.0.0.0 Mobile Safari/537.36" "-"
139.28.137.0 - - [04/Mar/2026:07:07:00 -0500] "GET /wp-content/themes/Divi/includes/builder/feature/dynamic-assets/assets/js/jquery.mobile.js?ver=4.27.5 HTTP/1.1" 200 10776 catherinetrumanarchitects.com "https://catherinetrumanarchitects.com/" "Mozilla/5.0 (Linux; Android 10; K) AppleWebKit/537.36 (KHTML, like Gecko) Chrome/122.0.0.0 Mobile Safari/537.36" "-"
139.28.137.0 - - [04/Mar/2026:07:07:01 -0500] "GET /wp-content/uploads/2023/09/Garden-St-05-scaled.jpg HTTP/1.1" 200 838469 catherinetrumanarchitects.com "https://catherinetrumanarchitects.com/" "Mozilla/5.0 (Linux; Android 10; K) AppleWebKit/537.36 (KHTML, like Gecko) Chrome/122.0.0.0 Mobile Safari/537.36" "-"
139.28.137.0 - - [04/Mar/2026:07:07:01 -0500] "GET /wp-content/uploads/2023/03/slider-3.jpg HTTP/1.1" 200 208042 catherinetrumanarchitects.com "https://catherinetrumanarchitects.com/" "Mozilla/5.0 (Linux; Android 10; K) AppleWebKit/537.36 (KHTML, like Gecko) Chrome/122.0.0.0 Mobile Safari/537.36" "-"
139.28.137.0 - - [04/Mar/2026:07:07:01 -0500] "GET /wp-content/uploads/2023/03/slider-4.jpg HTTP/1.1" 200 344555 catherinetrumanarchitects.com "https://catherinetrumanarchitects.com/" "Mozilla/5.0 (Linux; Android 10; K) AppleWebKit/537.36 (KHTML, like Gecko) Chrome/122.0.0.0 Mobile Safari/537.36" "-"
139.28.137.0 - - [04/Mar/2026:07:07:01 -0500] "GET /wp-content/uploads/2023/03/slider-2.jpg HTTP/1.1" 200 428957 catherinetrumanarchitects.com "https://catherinetrumanarchitects.com/" "Mozilla/5.0 (Linux; Android 10; K) AppleWebKit/537.36 (KHTML, like Gecko) Chrome/122.0.0.0 Mobile Safari/537.36" "-"
139.28.137.0 - - [04/Mar/2026:07:07:01 -0500] "GET /wp-content/uploads/2023/03/berkshire-farmhouse-Deerfield-02B-scaled.jpg HTTP/1.1" 200 655913 catherinetrumanarchitects.com "https://catherinetrumanarchitects.com/" "Mozilla/5.0 (Linux; Android 10; K) AppleWebKit/537.36 (KHTML, like Gecko) Chrome/122.0.0.0 Mobile Safari/537.36" "-"
139.28.137.0 - - [04/Mar/2026:07:07:02 -0500] "GET /wp-content/uploads/2023/03/slider-1.jpg HTTP/1.1" 200 253240 catherinetrumanarchitects.com "https://catherinetrumanarchitects.com/" "Mozilla/5.0 (Linux; Android 10; K) AppleWebKit/537.36 (KHTML, like Gecko) Chrome/122.0.0.0 Mobile Safari/537.36" "-"
188.190.120.0 - - [04/Mar/2026:07:07:02 -0500] "HEAD /comments/feed HTTP/1.1" 301 - catherinetrumanarchitects.com "https://catherinetrumanarchitects.com" "Mozilla/5.0 (Linux; Android 10; K) AppleWebKit/537.36 (KHTML, like Gecko) Chrome/122.0.0.0 Mobile Safari/537.36" "-"
110.239.219.0 - - [04/Mar/2026:07:07:02 -0500] "HEAD /feed HTTP/1.1" 301 - catherinetrumanarchitects.com "https://catherinetrumanarchitects.com" "Mozilla/5.0 (Linux; Android 10; K) AppleWebKit/537.36 (KHTML, like Gecko) Chrome/122.0.0.0 Mobile Safari/537.36" "-"
45.66.179.0 - - [04/Mar/2026:07:07:02 -0500] "HEAD /wp-json/wp/v2/pages/12 HTTP/1.1" 200 - catherinetrumanarchitects.com "https://catherinetrumanarchitects.com" "Mozilla/5.0 (Linux; Android 10; K) AppleWebKit/537.36 (KHTML, like Gecko) Chrome/122.0.0.0 Mobile Safari/537.36" "-"
217.9.19.0 - - [04/Mar/2026:07:07:02 -0500] "HEAD /wp-json/oembed/1.0/embed?url=https%3A%2F%2Fcatherinetrumanarchitects.com%2F HTTP/1.1" 200 - catherinetrumanarchitects.com "https://catherinetrumanarchitects.com" "Mozilla/5.0 (Linux; Android 10; K) AppleWebKit/537.36 (KHTML, like Gecko) Chrome/122.0.0.0 Mobile Safari/537.36" "-"
110.239.219.0 - - [04/Mar/2026:07:07:03 -0500] "HEAD /feed/ HTTP/1.1" 200 - catherinetrumanarchitects.com "https://catherinetrumanarchitects.com" "Mozilla/5.0 (Linux; Android 10; K) AppleWebKit/537.36 (KHTML, like Gecko) Chrome/122.0.0.0 Mobile Safari/537.36" "-"
188.190.120.0 - - [04/Mar/2026:07:07:03 -0500] "HEAD /comments/feed/ HTTP/1.1" 200 - catherinetrumanarchitects.com "https://catherinetrumanarchitects.com" "Mozilla/5.0 (Linux; Android 10; K) AppleWebKit/537.36 (KHTML, like Gecko) Chrome/122.0.0.0 Mobile Safari/537.36" "-"
213.188.81.0 - - [04/Mar/2026:07:07:04 -0500] "HEAD /xmlrpc.php?rsd HTTP/1.1" 200 - catherinetrumanarchitects.com "https://catherinetrumanarchitects.com" "Mozilla/5.0 (Linux; Android 10; K) AppleWebKit/537.36 (KHTML, like Gecko) Chrome/122.0.0.0 Mobile Safari/537.36" "-"
121.91.81.0 - - [04/Mar/2026:07:07:04 -0500] "HEAD /xmlrpc.php HTTP/1.1" 405 - catherinetrumanarchitects.com "https://catherinetrumanarchitects.com" "Mozilla/5.0 (Linux; Android 10; K) AppleWebKit/537.36 (KHTML, like Gecko) Chrome/122.0.0.0 Mobile Safari/537.36" "-"
203.109.63.0 - - [04/Mar/2026:07:07:04 -0500] "HEAD /wp-json/oembed/1.0/embed?url=https%3A%2F%2Fcatherinetrumanarchitects.com%2F&format=xml HTTP/1.1" 200 - catherinetrumanarchitects.com "https://catherinetrumanarchitects.com" "Mozilla/5.0 (Linux; Android 10; K) AppleWebKit/537.36 (KHTML, like Gecko) Chrome/122.0.0.0 Mobile Safari/537.36" "-"
194.124.239.0 - - [04/Mar/2026:07:07:05 -0500] "HEAD /wp-json HTTP/1.1" 200 - catherinetrumanarchitects.com "https://catherinetrumanarchitects.com" "Mozilla/5.0 (Linux; Android 10; K) AppleWebKit/537.36 (KHTML, like Gecko) Chrome/122.0.0.0 Mobile Safari/537.36" "-"
217.9.19.0 - - [04/Mar/2026:07:07:08 -0500] "HEAD /xmlrpc.php HTTP/1.1" 405 - www.catherinetrumanarchitects.com "https://catherinetrumanarchitects.com" "Mozilla/5.0 (Linux; Android 10; K) AppleWebKit/537.36 (KHTML, like Gecko) Chrome/122.0.0.0 Mobile Safari/537.36" "-"
2804:d41:a100:: - - [04/Mar/2026:07:07:15 -0500] "POST /xmlrpc.php HTTP/1.1" 200 403 catherinetrumanarchitects.com "-" "Mozilla/5.0 (Macintosh; Intel Mac OS X 10_15_7; x64) AppleWebKit/537.36 (KHTML, like Gecko) Opera/68.0.0.0 Safari/537.36" "-"
68.183.93.0 - - [04/Mar/2026:07:08:10 -0500] "GET /wp-admin/css/ HTTP/1.1" 403 1271 catherinetrumanarchitects.com "binance.com" "Mozilla/5.0 (Windows NT 10.0; Win64; x64) AppleWebKit/537.36 (KHTML, like Gecko) Chrome/90.0.4430.85 Safari/537.36" "-"
2804:d41:a100:: - - [04/Mar/2026:07:08:22 -0500] "POST /xmlrpc.php HTTP/1.1" 200 403 catherinetrumanarchitects.com "-" "Mozilla/5.0 (Windows NT 6.3; x86) AppleWebKit/537.36 (KHTML, like Gecko) Safari/11.0.0.0 Safari/537.36" "-"
2804:d41:a100:: - - [04/Mar/2026:07:09:16 -0500] "POST /xmlrpc.php HTTP/1.1" 200 403 catherinetrumanarchitects.com "-" "Mozilla/5.0 (Macintosh; Intel Mac OS X 10_15_7; arm64) AppleWebKit/537.36 (KHTML, like Gecko) Firefox/85.0.0.0 Safari/537.36" "-"
2a03:2880:f800:: - - [04/Mar/2026:07:09:27 -0500] "GET /wordpress/wp-content/uploads/truman-architects-westcedar-33.jpg HTTP/1.1" 301 349 truman-architects.com "-" "meta-externalagent/1.1 (+https://developers.facebook.com/docs/sharing/webmasters/crawler)" "-"
2a03:2880:f800:: - - [04/Mar/2026:07:09:42 -0500] "GET /wordpress/wp-content/uploads/truman-architects-westcedar-33.jpg HTTP/1.1" 404 140090 catherinetrumanarchitects.com "-" "meta-externalagent/1.1 (+https://developers.facebook.com/docs/sharing/webmasters/crawler)" "-"
2804:d41:a100:: - - [04/Mar/2026:07:10:23 -0500] "POST /xmlrpc.php HTTP/1.1" 403 835 catherinetrumanarchitects.com "-" "Mozilla/5.0 (X11; Ubuntu; Linux x86_64; x86) AppleWebKit/537.36 (KHTML, like Gecko) Safari/11.0.0.0 Safari/537.36" "-"
2a03:2880:f800:: - - [04/Mar/2026:07:10:37 -0500] "GET /wordpress/wp-content/uploads/truman-architects-classic-townhouse-before-13c.jpg HTTP/1.1" 301 365 truman-architects.com "-" "meta-externalagent/1.1 (+https://developers.facebook.com/docs/sharing/webmasters/crawler)" "-"
2a03:2880:f800:: - - [04/Mar/2026:07:10:40 -0500] "GET /wordpress/wp-content/uploads/truman-architects-classic-townhouse-before-13c.jpg HTTP/1.1" 404 140090 catherinetrumanarchitects.com "-" "meta-externalagent/1.1 (+https://developers.facebook.com/docs/sharing/webmasters/crawler)" "-"
165.232.190.0 - - [04/Mar/2026:07:10:57 -0500] "GET /wp-admin/css/ HTTP/1.1" 301 299 truman-architects.com "binance.com" "Mozilla/5.0 (Windows NT 10.0; Win64; x64) AppleWebKit/537.36 (KHTML, like Gecko) Chrome/90.0.4430.85 Safari/537.36" "-"
165.232.190.0 - - [04/Mar/2026:07:11:05 -0500] "GET /wp-admin/css/ HTTP/1.1" 403 1271 catherinetrumanarchitects.com "binance.com" "Mozilla/5.0 (Windows NT 10.0; Win64; x64) AppleWebKit/537.36 (KHTML, like Gecko) Chrome/90.0.4430.85 Safari/537.36" "-"
2804:d41:a100:: - - [04/Mar/2026:07:11:28 -0500] "POST /xmlrpc.php HTTP/1.1" 403 835 catherinetrumanarchitects.com "-" "Mozilla/5.0 (X11; Ubuntu; Linux x86_64; x86) AppleWebKit/537.36 (KHTML, like Gecko) Safari/14.0.0.0 Safari/537.36" "-"
2a03:2880:f800:: - - [04/Mar/2026:07:12:19 -0500] "GET /wordpress/wp-content/uploads/truman-architects-island-reno-expansion-before-09.jpg HTTP/1.1" 301 368 truman-architects.com "-" "meta-externalagent/1.1 (+https://developers.facebook.com/docs/sharing/webmasters/crawler)" "-"
2a03:2880:f800:: - - [04/Mar/2026:07:12:21 -0500] "GET /wordpress/wp-content/uploads/truman-architects-island-reno-expansion-before-09.jpg HTTP/1.1" 404 140090 catherinetrumanarchitects.com "-" "meta-externalagent/1.1 (+https://developers.facebook.com/docs/sharing/webmasters/crawler)" "-"
2804:d41:a100:: - - [04/Mar/2026:07:12:23 -0500] "POST /xmlrpc.php HTTP/1.1" 403 836 catherinetrumanarchitects.com "-" "Mozilla/5.0 (Windows NT 10.0; x64) AppleWebKit/537.36 (KHTML, like Gecko) Opera/72.0.0.0 Safari/537.36" "-"
2a03:2880:f800:: - - [04/Mar/2026:07:13:02 -0500] "GET /wordpress/wp-content/uploads/truman-architects-baker-kitchen-5.jpg HTTP/1.1" 301 352 truman-architects.com "-" "meta-externalagent/1.1 (+https://developers.facebook.com/docs/sharing/webmasters/crawler)" "-"
2a03:2880:f800:: - - [04/Mar/2026:07:13:04 -0500] "GET /wordpress/wp-content/uploads/truman-architects-baker-kitchen-5.jpg HTTP/1.1" 404 140090 catherinetrumanarchitects.com "-" "meta-externalagent/1.1 (+https://developers.facebook.com/docs/sharing/webmasters/crawler)" "-"
2804:d41:a100:: - - [04/Mar/2026:07:13:23 -0500] "POST /xmlrpc.php HTTP/1.1" 403 836 catherinetrumanarchitects.com "-" "Mozilla/5.0 (Windows NT 6.2; x86) AppleWebKit/537.36 (KHTML, like Gecko) Edge/82.0.0.0 Safari/537.36" "-"
2804:d41:a100:: - - [04/Mar/2026:07:14:21 -0500] "POST /xmlrpc.php HTTP/1.1" 403 836 catherinetrumanarchitects.com "-" "Mozilla/5.0 (Windows NT 6.3; x86) AppleWebKit/537.36 (KHTML, like Gecko) Opera/62.0.0.0 Safari/537.36" "-"
74.208.59.0 - - [04/Mar/2026:07:14:22 -0500] "POST /wp-cron.php?doing_wp_cron=1772626462.1332650184631347656250 HTTP/1.1" 200 - catherinetrumanarchitects.com "-" "WordPress/6.9.1; https://catherinetrumanarchitects.com" "-"
122.8.95.0 - - [04/Mar/2026:07:15:11 -0500] "GET /wp-login.php HTTP/1.1" 301 298 truman-architects.com "-" "Mozilla/5.0 (Windows NT 10.0; Win64; x64) AppleWebKit/537.36 (KHTML, like Gecko) Chrome/142.0.0.0 Safari/537.36" "-"
157.22.16.0 - - [04/Mar/2026:07:15:11 -0500] "GET /wp-login.php HTTP/1.1" 301 298 truman-architects.com "-" "Mozilla/5.0 (Windows NT 10.0; Win64; x64) AppleWebKit/537.36 (KHTML, like Gecko) Chrome/142.0.0.0 Safari/537.36" "-"
2804:d41:a100:: - - [04/Mar/2026:07:15:20 -0500] "POST /xmlrpc.php HTTP/1.1" 403 835 catherinetrumanarchitects.com "-" "Mozilla/5.0 (Macintosh; Intel Mac OS X 10_15_7; x64) AppleWebKit/537.36 (KHTML, like Gecko) Opera/70.0.0.0 Safari/537.36" "-"
157.22.16.0 - - [04/Mar/2026:07:15:23 -0500] "GET /wp-login.php HTTP/1.1" 200 7008 catherinetrumanarchitects.com "-" "Mozilla/5.0 (Windows NT 10.0; Win64; x64) AppleWebKit/537.36 (KHTML, like Gecko) Chrome/142.0.0.0 Safari/537.36" "-"
122.8.95.0 - - [04/Mar/2026:07:15:23 -0500] "GET /wp-login.php HTTP/1.1" 200 7008 catherinetrumanarchitects.com "-" "Mozilla/5.0 (Windows NT 10.0; Win64; x64) AppleWebKit/537.36 (KHTML, like Gecko) Chrome/142.0.0.0 Safari/537.36" "-"
157.22.16.0 - - [04/Mar/2026:07:15:26 -0500] "POST /wp-login.php HTTP/1.1" 200 7330 catherinetrumanarchitects.com "https://catherinetrumanarchitects.com/wp-login.php" "Mozilla/5.0 (Windows NT 10.0; Win64; x64) AppleWebKit/537.36 (KHTML, like Gecko) Chrome/142.0.0.0 Safari/537.36" "-"
122.8.95.0 - - [04/Mar/2026:07:15:35 -0500] "POST /wp-login.php HTTP/1.1" 200 7330 catherinetrumanarchitects.com "https://catherinetrumanarchitects.com/wp-login.php" "Mozilla/5.0 (Windows NT 10.0; Win64; x64) AppleWebKit/537.36 (KHTML, like Gecko) Chrome/142.0.0.0 Safari/537.36" "-"
2804:d41:a100:: - - [04/Mar/2026:07:16:30 -0500] "POST /xmlrpc.php HTTP/1.1" 503 339 catherinetrumanarchitects.com "-" "Mozilla/5.0 (Windows NT 6.2; x86) AppleWebKit/537.36 (KHTML, like Gecko) Chrome/90.0.0.0 Safari/537.36" "-"
66.42.61.0 - - [04/Mar/2026:07:16:55 -0500] "POST /wp-load.php?a04b08=95797 HTTP/1.1" 200 52696 catherinetrumanarchitects.com "-" "Mozilla/5.0 (Windows NT 10.0; Win64; x64) AppleWebKit/537.36 (KHTML, like Gecko) Chrome/104.0.5112.97 Safari/537.36" "-"
74.7.230.0 - - [04/Mar/2026:07:17:21 -0500] "GET /robots.txt HTTP/1.1" 301 296 truman-architects.com "-" "Mozilla/5.0 (Macintosh; Intel Mac OS X 10_15_7) AppleWebKit/537.36 (KHTML, like Gecko) Chrome/131.0.0.0 Safari/537.36; compatible; OAI-SearchBot/1.3; robots.txt; +https://openai.com/searchbot" "-"
74.7.230.0 - - [04/Mar/2026:07:17:21 -0500] "GET /robots.txt HTTP/1.1" 200 187 catherinetrumanarchitects.com "https://truman-architects.com/robots.txt" "Mozilla/5.0 (Macintosh; Intel Mac OS X 10_15_7) AppleWebKit/537.36 (KHTML, like Gecko) Chrome/131.0.0.0 Safari/537.36; compatible; OAI-SearchBot/1.3; robots.txt; +https://openai.com/searchbot" "-"
2804:d41:a100:: - - [04/Mar/2026:07:17:23 -0500] "POST /xmlrpc.php HTTP/1.1" 200 403 catherinetrumanarchitects.com "-" "Mozilla/5.0 (Linux; Android 10; x86) AppleWebKit/537.36 (KHTML, like Gecko) Safari/11.0.0.0 Safari/537.36" "-"
2a03:2880:f800:: - - [04/Mar/2026:07:17:24 -0500] "GET /wordpress/wp-content/uploads/truman-architects-baker-kitchen-before-1.jpg HTTP/1.1" 301 359 truman-architects.com "-" "meta-externalagent/1.1 (+https://developers.facebook.com/docs/sharing/webmasters/crawler)" "-"
2a03:2880:f800:: - - [04/Mar/2026:07:17:26 -0500] "GET /wordpress/wp-content/uploads/truman-architects-baker-kitchen-before-1.jpg HTTP/1.1" 404 140090 catherinetrumanarchitects.com "-" "meta-externalagent/1.1 (+https://developers.facebook.com/docs/sharing/webmasters/crawler)" "-"
2804:d41:a100:: - - [04/Mar/2026:07:18:23 -0500] "POST /xmlrpc.php HTTP/1.1" 200 403 catherinetrumanarchitects.com "-" "Mozilla/5.0 (X11; Ubuntu; Linux x86_64; x86) AppleWebKit/537.36 (KHTML, like Gecko) Edge/91.0.0.0 Safari/537.36" "-"
2804:d41:a100:: - - [04/Mar/2026:07:19:23 -0500] "POST /xmlrpc.php HTTP/1.1" 200 403 catherinetrumanarchitects.com "-" "Mozilla/5.0 (X11; Ubuntu; Linux x86_64; x86) AppleWebKit/537.36 (KHTML, like Gecko) Opera/64.0.0.0 Safari/537.36" "-"
2a03:2880:f800:: - - [04/Mar/2026:07:20:23 -0500] "GET /wordpress/wp-content/uploads/truman-architects-modern-townhouse-14.jpg HTTP/1.1" 301 356 truman-architects.com "-" "meta-externalagent/1.1 (+https://developers.facebook.com/docs/sharing/webmasters/crawler)" "-"
2a03:2880:f800:: - - [04/Mar/2026:07:20:25 -0500] "GET /wordpress/wp-content/uploads/truman-architects-modern-townhouse-14.jpg HTTP/1.1" 404 140090 catherinetrumanarchitects.com "-" "meta-externalagent/1.1 (+https://developers.facebook.com/docs/sharing/webmasters/crawler)" "-"
2804:d41:a100:: - - [04/Mar/2026:07:20:31 -0500] "POST /xmlrpc.php HTTP/1.1" 403 835 catherinetrumanarchitects.com "-" "Mozilla/5.0 (X11; Ubuntu; Linux x86_64; arm64) AppleWebKit/537.36 (KHTML, like Gecko) Firefox/70.0.0.0 Safari/537.36" "-"
2804:d41:a100:: - - [04/Mar/2026:07:21:22 -0500] "POST /xmlrpc.php HTTP/1.1" 403 836 catherinetrumanarchitects.com "-" "Mozilla/5.0 (Windows NT 6.3; x86) AppleWebKit/537.36 (KHTML, like Gecko) Firefox/83.0.0.0 Safari/537.36" "-"
2804:d41:a100:: - - [04/Mar/2026:07:22:29 -0500] "POST /xmlrpc.php HTTP/1.1" 403 835 catherinetrumanarchitects.com "-" "Mozilla/5.0 (Macintosh; Intel Mac OS X 10_15_7; x64) AppleWebKit/537.36 (KHTML, like Gecko) Opera/60.0.0.0 Safari/537.36" "-"
2a03:2880:f800:: - - [04/Mar/2026:07:23:18 -0500] "GET /wordpress/wp-content/uploads/catherine-truman-architects-owlsnest6-960x564.jpg HTTP/1.1" 301 364 truman-architects.com "-" "meta-externalagent/1.1 (+https://developers.facebook.com/docs/sharing/webmasters/crawler)" "-"
2a03:2880:f800:: - - [04/Mar/2026:07:23:21 -0500] "GET /wordpress/wp-content/uploads/catherine-truman-architects-owlsnest6-960x564.jpg HTTP/1.1" 404 140090 catherinetrumanarchitects.com "-" "meta-externalagent/1.1 (+https://developers.facebook.com/docs/sharing/webmasters/crawler)" "-"
2804:d41:a100:: - - [04/Mar/2026:07:23:23 -0500] "POST /xmlrpc.php HTTP/1.1" 403 835 catherinetrumanarchitects.com "-" "Mozilla/5.0 (Windows NT 6.2; x86) AppleWebKit/537.36 (KHTML, like Gecko) Opera/79.0.0.0 Safari/537.36" "-"
