35.223.222.0 - - [04/Mar/2026:07:23:35 -0500] "GET / HTTP/1.1" 301 286 truman-architects.com "http://www.google.com/" "Mozilla/5.0 (X11; Linux x86_64) AppleWebKit/537.36 (KHTML, like Gecko) Chrome/85.0.4183.121 Safari/537.36" "-"
35.223.222.0 - - [04/Mar/2026:07:23:36 -0500] "GET / HTTP/1.1" 200 111415 catherinetrumanarchitects.com "http://www.google.com/" "Mozilla/5.0 (X11; Linux x86_64) AppleWebKit/537.36 (KHTML, like Gecko) Chrome/85.0.4183.121 Safari/537.36" "-"
2804:d41:a100:: - - [04/Mar/2026:07:24:21 -0500] "POST /xmlrpc.php HTTP/1.1" 403 836 catherinetrumanarchitects.com "-" "Mozilla/5.0 (Windows NT 10.0; x86) AppleWebKit/537.36 (KHTML, like Gecko) Edge/100.0.0.0 Safari/537.36" "-"
2804:d41:a100:: - - [04/Mar/2026:07:25:34 -0500] "POST /xmlrpc.php HTTP/1.1" 403 835 catherinetrumanarchitects.com "-" "Mozilla/5.0 (Linux; Android 10; arm64) AppleWebKit/537.36 (KHTML, like Gecko) Firefox/81.0.0.0 Safari/537.36" "-"
2804:d41:a100:: - - [04/Mar/2026:07:26:26 -0500] "POST /xmlrpc.php HTTP/1.1" 403 835 catherinetrumanarchitects.com "-" "Mozilla/5.0 (Windows NT 6.3; x86) AppleWebKit/537.36 (KHTML, like Gecko) Firefox/100.0.0.0 Safari/537.36" "-"
2804:d41:a100:: - - [04/Mar/2026:07:27:21 -0500] "POST /xmlrpc.php HTTP/1.1" 403 836 catherinetrumanarchitects.com "-" "Mozilla/5.0 (Windows NT 10.0; arm64) AppleWebKit/537.36 (KHTML, like Gecko) Firefox/94.0.0.0 Safari/537.36" "-"
2a03:2880:f800:: - - [04/Mar/2026:07:27:52 -0500] "GET /wordpress/wp-content/uploads/truman-architects-net-zero-barn-interior-12.jpg HTTP/1.1" 301 362 truman-architects.com "-" "meta-externalagent/1.1 (+https://developers.facebook.com/docs/sharing/webmasters/crawler)" "-"
2a03:2880:f800:: - - [04/Mar/2026:07:27:55 -0500] "GET /wordpress/wp-content/uploads/truman-architects-net-zero-barn-interior-12.jpg HTTP/1.1" 404 140090 catherinetrumanarchitects.com "-" "meta-externalagent/1.1 (+https://developers.facebook.com/docs/sharing/webmasters/crawler)" "-"
2804:d41:a100:: - - [04/Mar/2026:07:28:25 -0500] "POST /xmlrpc.php HTTP/1.1" 503 339 catherinetrumanarchitects.com "-" "Mozilla/5.0 (Windows NT 6.2; x64) AppleWebKit/537.36 (KHTML, like Gecko) Chrome/114.0.0.0 Safari/537.36" "-"
2a03:2880:f800:: - - [04/Mar/2026:07:29:03 -0500] "GET /wordpress/wp-content/uploads/truman-architects-net-zero-barn-interior-03.jpg HTTP/1.1" 301 362 truman-architects.com "-" "meta-externalagent/1.1 (+https://developers.facebook.com/docs/sharing/webmasters/crawler)" "-"
2a03:2880:f800:: - - [04/Mar/2026:07:29:07 -0500] "GET /wordpress/wp-content/uploads/truman-architects-net-zero-barn-interior-03.jpg HTTP/1.1" 404 140090 catherinetrumanarchitects.com "-" "meta-externalagent/1.1 (+https://developers.facebook.com/docs/sharing/webmasters/crawler)" "-"
185.124.202.0 - - [04/Mar/2026:07:29:29 -0500] "GET / HTTP/1.1" 301 - catherinetrumanarchitects.com "-" "Mozilla/5.0 (Linux; U; Android 4.4.2; en-US; HM NOTE 1W Build/KOT49H) AppleWebKit/534.30 (KHTML, like Gecko) Version/4.0 UCBrowser/11.0.5.850 U3/0.8.0 Mobile Safari/534.30" "-"
185.124.202.0 - - [04/Mar/2026:07:29:31 -0500] "GET /.env HTTP/1.1" 404 143943 catherinetrumanarchitects.com "-" "Mozilla/5.0 (Linux; U; Android 4.4.2; en-US; HM NOTE 1W Build/KOT49H) AppleWebKit/534.30 (KHTML, like Gecko) Version/4.0 UCBrowser/11.0.5.850 U3/0.8.0 Mobile Safari/534.30" "-"
185.124.202.0 - - [04/Mar/2026:07:29:32 -0500] "POST / HTTP/1.1" 200 111383 catherinetrumanarchitects.com "-" "Mozilla/5.0 (Linux; U; Android 4.4.2; en-US; HM NOTE 1W Build/KOT49H) AppleWebKit/534.30 (KHTML, like Gecko) Version/4.0 UCBrowser/11.0.5.850 U3/0.8.0 Mobile Safari/534.30" "-"
2804:d41:a100:: - - [04/Mar/2026:07:29:33 -0500] "POST /xmlrpc.php HTTP/1.1" 403 835 catherinetrumanarchitects.com "-" "Mozilla/5.0 (Linux; Android 10; x86) AppleWebKit/537.36 (KHTML, like Gecko) Opera/70.0.0.0 Safari/537.36" "-"
185.124.202.0 - - [04/Mar/2026:07:29:34 -0500] "GET /.env HTTP/1.1" 404 143971 catherinetrumanarchitects.com "-" "Mozilla/5.0 (Linux; U; Android 4.4.2; en-US; HM NOTE 1W Build/KOT49H) AppleWebKit/534.30 (KHTML, like Gecko) Version/4.0 UCBrowser/11.0.5.850 U3/0.8.0 Mobile Safari/534.30" "-"
185.124.202.0 - - [04/Mar/2026:07:29:36 -0500] "POST / HTTP/1.1" 200 111415 catherinetrumanarchitects.com "-" "Mozilla/5.0 (Linux; U; Android 4.4.2; en-US; HM NOTE 1W Build/KOT49H) AppleWebKit/534.30 (KHTML, like Gecko) Version/4.0 UCBrowser/11.0.5.850 U3/0.8.0 Mobile Safari/534.30" "-"
157.55.39.0 - - [04/Mar/2026:07:30:20 -0500] "GET /wp-content/uploads/2023/04/BullfinchHouse-03-scaled.jpg HTTP/1.1" 200 858828 catherinetrumanarchitects.com "-" "Mozilla/5.0 AppleWebKit/537.36 (KHTML, like Gecko; compatible; bingbot/2.0; +http://www.bing.com/bingbot.htm) Chrome/116.0.1938.76 Safari/537.36" "-"
2804:d41:a100:: - - [04/Mar/2026:07:30:21 -0500] "POST /xmlrpc.php HTTP/1.1" 403 835 catherinetrumanarchitects.com "-" "Mozilla/5.0 (Linux; Android 10; x86) AppleWebKit/537.36 (KHTML, like Gecko) Firefox/89.0.0.0 Safari/537.36" "-"
2a03:2880:f800:: - - [04/Mar/2026:07:30:29 -0500] "GET /wordpress/wp-content/uploads/truman-architects-wellesley-renovation-drawings-10.jpg HTTP/1.1" 301 369 truman-architects.com "-" "meta-externalagent/1.1 (+https://developers.facebook.com/docs/sharing/webmasters/crawler)" "-"
2a03:2880:f800:: - - [04/Mar/2026:07:30:30 -0500] "GET /wordpress/wp-content/uploads/truman-architects-wellesley-renovation-drawings-10.jpg HTTP/1.1" 404 140090 catherinetrumanarchitects.com "-" "meta-externalagent/1.1 (+https://developers.facebook.com/docs/sharing/webmasters/crawler)" "-"
2a03:2880:f800:: - - [04/Mar/2026:07:31:01 -0500] "GET /wordpress/wp-content/uploads/truman-architects-great-camp-bunkhouse-before-01.jpg HTTP/1.1" 301 367 truman-architects.com "-" "meta-externalagent/1.1 (+https://developers.facebook.com/docs/sharing/webmasters/crawler)" "-"
2a03:2880:f800:: - - [04/Mar/2026:07:31:02 -0500] "GET /wordpress/wp-content/uploads/truman-architects-great-camp-bunkhouse-before-01.jpg HTTP/1.1" 404 140090 catherinetrumanarchitects.com "-" "meta-externalagent/1.1 (+https://developers.facebook.com/docs/sharing/webmasters/crawler)" "-"
2a03:2880:f800:: - - [04/Mar/2026:07:31:17 -0500] "GET /wordpress/wp-content/uploads/truman-architects-cambridge-house-after-25.jpg HTTP/1.1" 301 361 truman-architects.com "-" "meta-externalagent/1.1 (+https://developers.facebook.com/docs/sharing/webmasters/crawler)" "-"
2a03:2880:f800:: - - [04/Mar/2026:07:31:19 -0500] "GET /wordpress/wp-content/uploads/truman-architects-cambridge-house-after-25.jpg HTTP/1.1" 404 140090 catherinetrumanarchitects.com "-" "meta-externalagent/1.1 (+https://developers.facebook.com/docs/sharing/webmasters/crawler)" "-"
2a03:2880:f800:: - - [04/Mar/2026:07:31:31 -0500] "GET /wordpress/wp-content/uploads/truman-architects-classic-townhouse-plans-24c.jpg HTTP/1.1" 301 364 truman-architects.com "-" "meta-externalagent/1.1 (+https://developers.facebook.com/docs/sharing/webmasters/crawler)" "-"
2a03:2880:f800:: - - [04/Mar/2026:07:31:33 -0500] "GET /wordpress/wp-content/uploads/truman-architects-classic-townhouse-plans-24c.jpg HTTP/1.1" 404 140090 catherinetrumanarchitects.com "-" "meta-externalagent/1.1 (+https://developers.facebook.com/docs/sharing/webmasters/crawler)" "-"
178.156.128.0 - - [04/Mar/2026:07:32:03 -0500] "POST /wp-load.php?21ba53=22696 HTTP/1.1" 200 38600 catherinetrumanarchitects.com "-" "Mozilla/5.0 (Windows NT 10.0; Win64; x64) AppleWebKit/537.36 (KHTML, like Gecko) Chrome/104.0.5112.97 Safari/537.36" "-"
2a03:2880:f800:: - - [04/Mar/2026:07:32:35 -0500] "GET /wordpress/wp-content/uploads/catherine-truman-architects-deerfield-11-960x564.jpg HTTP/1.1" 301 367 truman-architects.com "-" "meta-externalagent/1.1 (+https://developers.facebook.com/docs/sharing/webmasters/crawler)" "-"
2a03:2880:f800:: - - [04/Mar/2026:07:32:37 -0500] "GET /wordpress/wp-content/uploads/catherine-truman-architects-deerfield-11-960x564.jpg HTTP/1.1" 404 140090 catherinetrumanarchitects.com "-" "meta-externalagent/1.1 (+https://developers.facebook.com/docs/sharing/webmasters/crawler)" "-"
2a03:2880:f800:: - - [04/Mar/2026:07:34:13 -0500] "GET /wordpress/wp-content/uploads/truman-architects-farm-house-renovation-before-03a.jpg HTTP/1.1" 301 369 truman-architects.com "-" "meta-externalagent/1.1 (+https://developers.facebook.com/docs/sharing/webmasters/crawler)" "-"
2a03:2880:f800:: - - [04/Mar/2026:07:34:14 -0500] "GET /wordpress/wp-content/uploads/truman-architects-farm-house-renovation-before-03a.jpg HTTP/1.1" 404 140090 catherinetrumanarchitects.com "-" "meta-externalagent/1.1 (+https://developers.facebook.com/docs/sharing/webmasters/crawler)" "-"
2a03:2880:f800:: - - [04/Mar/2026:07:34:26 -0500] "GET /wordpress/wp-content/uploads/truman-architects-island-reno-expansion-before-17.jpg HTTP/1.1" 301 368 truman-architects.com "-" "meta-externalagent/1.1 (+https://developers.facebook.com/docs/sharing/webmasters/crawler)" "-"
2a03:2880:f800:: - - [04/Mar/2026:07:34:29 -0500] "GET /wordpress/wp-content/uploads/truman-architects-wellesley-renovation-03a.jpg HTTP/1.1" 301 361 truman-architects.com "-" "meta-externalagent/1.1 (+https://developers.facebook.com/docs/sharing/webmasters/crawler)" "-"
2a03:2880:f800:: - - [04/Mar/2026:07:34:29 -0500] "GET /wordpress/wp-content/uploads/truman-architects-island-reno-expansion-before-17.jpg HTTP/1.1" 404 140090 catherinetrumanarchitects.com "-" "meta-externalagent/1.1 (+https://developers.facebook.com/docs/sharing/webmasters/crawler)" "-"
2a03:2880:f800:: - - [04/Mar/2026:07:34:32 -0500] "GET /wordpress/wp-content/uploads/truman-architects-wellesley-renovation-03a.jpg HTTP/1.1" 404 140090 catherinetrumanarchitects.com "-" "meta-externalagent/1.1 (+https://developers.facebook.com/docs/sharing/webmasters/crawler)" "-"
2a03:2880:f800:: - - [04/Mar/2026:07:34:34 -0500] "GET /wordpress/wp-content/uploads/truman-architects-townhouse83.jpg HTTP/1.1" 301 348 truman-architects.com "-" "meta-externalagent/1.1 (+https://developers.facebook.com/docs/sharing/webmasters/crawler)" "-"
2a03:2880:f800:: - - [04/Mar/2026:07:34:37 -0500] "GET /wordpress/wp-content/uploads/truman-architects-townhouse83.jpg HTTP/1.1" 404 140090 catherinetrumanarchitects.com "-" "meta-externalagent/1.1 (+https://developers.facebook.com/docs/sharing/webmasters/crawler)" "-"
2a03:2880:f800:: - - [04/Mar/2026:07:34:44 -0500] "GET /wordpress/wp-content/uploads/truman-architects-cambridge-house-before-01.jpg HTTP/1.1" 301 362 truman-architects.com "-" "meta-externalagent/1.1 (+https://developers.facebook.com/docs/sharing/webmasters/crawler)" "-"
2a03:2880:f800:: - - [04/Mar/2026:07:34:46 -0500] "GET /wordpress/wp-content/uploads/truman-architects-cambridge-house-before-01.jpg HTTP/1.1" 404 140090 catherinetrumanarchitects.com "-" "meta-externalagent/1.1 (+https://developers.facebook.com/docs/sharing/webmasters/crawler)" "-"
2a03:2880:f800:: - - [04/Mar/2026:07:37:49 -0500] "GET /wordpress/wp-content/uploads/truman-architects-classic-townhouse-before-16c.jpg HTTP/1.1" 301 365 truman-architects.com "-" "meta-externalagent/1.1 (+https://developers.facebook.com/docs/sharing/webmasters/crawler)" "-"
2a03:2880:f800:: - - [04/Mar/2026:07:37:51 -0500] "GET /wordpress/wp-content/uploads/truman-architects-classic-townhouse-before-16c.jpg HTTP/1.1" 404 140090 catherinetrumanarchitects.com "-" "meta-externalagent/1.1 (+https://developers.facebook.com/docs/sharing/webmasters/crawler)" "-"
2a03:2880:f800:: - - [04/Mar/2026:07:38:50 -0500] "GET /wordpress/wp-content/uploads/truman-architects-farm-house-renovation-10.jpg HTTP/1.1" 301 361 truman-architects.com "-" "meta-externalagent/1.1 (+https://developers.facebook.com/docs/sharing/webmasters/crawler)" "-"
2a03:2880:f800:: - - [04/Mar/2026:07:38:52 -0500] "GET /wordpress/wp-content/uploads/truman-architects-farm-house-renovation-10.jpg HTTP/1.1" 404 140090 catherinetrumanarchitects.com "-" "meta-externalagent/1.1 (+https://developers.facebook.com/docs/sharing/webmasters/crawler)" "-"
216.73.216.0 - - [04/Mar/2026:07:39:18 -0500] "GET /sitemap_index.xml HTTP/1.1" 200 1564 catherinetrumanarchitects.com "-" "Mozilla/5.0 AppleWebKit/537.36 (KHTML, like Gecko; compatible; ClaudeBot/1.0; +claudebot@anthropic.com)" "-"
43.153.122.0 - - [04/Mar/2026:07:41:22 -0500] "GET / HTTP/1.1" 301 286 truman-architects.com "-" "Mozilla/5.0 (iPhone; CPU iPhone OS 13_2_3 like Mac OS X) AppleWebKit/605.1.15 (KHTML, like Gecko) Version/13.0.3 Mobile/15E148 Safari/604.1" "-"
43.153.122.0 - - [04/Mar/2026:07:41:23 -0500] "GET / HTTP/1.1" 200 111413 catherinetrumanarchitects.com "http://truman-architects.com" "Mozilla/5.0 (iPhone; CPU iPhone OS 13_2_3 like Mac OS X) AppleWebKit/605.1.15 (KHTML, like Gecko) Version/13.0.3 Mobile/15E148 Safari/604.1" "-"
2a03:2880:f800:: - - [04/Mar/2026:07:41:47 -0500] "GET /wordpress/wp-content/uploads/truman-architects-cambridge-house-after-15.jpg HTTP/1.1" 301 361 truman-architects.com "-" "meta-externalagent/1.1 (+https://developers.facebook.com/docs/sharing/webmasters/crawler)" "-"
2a03:2880:f800:: - - [04/Mar/2026:07:41:48 -0500] "GET /wordpress/wp-content/uploads/truman-architects-cambridge-house-after-15.jpg HTTP/1.1" 404 140090 catherinetrumanarchitects.com "-" "meta-externalagent/1.1 (+https://developers.facebook.com/docs/sharing/webmasters/crawler)" "-"
207.46.13.0 - - [04/Mar/2026:07:44:08 -0500] "GET /wp-content/uploads/2023/03/Cambridge-House-16.jpg HTTP/1.1" 200 293103 catherinetrumanarchitects.com "-" "Mozilla/5.0 AppleWebKit/537.36 (KHTML, like Gecko; compatible; bingbot/2.0; +http://www.bing.com/bingbot.htm) Chrome/116.0.1938.76 Safari/537.36" "-"
2a03:2880:f800:: - - [04/Mar/2026:07:44:09 -0500] "GET /wordpress/wp-content/uploads/truman-architects-classic-townhouse-21c.jpg HTTP/1.1" 301 358 truman-architects.com "-" "meta-externalagent/1.1 (+https://developers.facebook.com/docs/sharing/webmasters/crawler)" "-"
2a03:2880:f800:: - - [04/Mar/2026:07:44:11 -0500] "GET /wordpress/wp-content/uploads/truman-architects-classic-townhouse-21c.jpg HTTP/1.1" 404 140090 catherinetrumanarchitects.com "-" "meta-externalagent/1.1 (+https://developers.facebook.com/docs/sharing/webmasters/crawler)" "-"
209.87.169.0 - - [04/Mar/2026:07:45:28 -0500] "POST /wp-login.php HTTP/1.1" 200 7433 catherinetrumanarchitects.com "-" "Mozilla/5.0" "-"
209.87.169.0 - - [04/Mar/2026:07:45:28 -0500] "POST /wp-login.php HTTP/1.1" 200 7433 catherinetrumanarchitects.com "-" "Mozilla/5.0" "-"
209.87.169.0 - - [04/Mar/2026:07:45:28 -0500] "POST /wp-login.php HTTP/1.1" 200 7521 catherinetrumanarchitects.com "-" "Mozilla/5.0" "-"
209.87.169.0 - - [04/Mar/2026:07:45:28 -0500] "POST /wp-login.php HTTP/1.1" 200 7479 catherinetrumanarchitects.com "-" "Mozilla/5.0" "-"
43.159.145.0 - - [04/Mar/2026:07:46:34 -0500] "GET / HTTP/1.1" 200 289 www.truman-architects.com "-" "Mozilla/5.0 (iPhone; CPU iPhone OS 13_2_3 like Mac OS X) AppleWebKit/605.1.15 (KHTML, like Gecko) Version/13.0.3 Mobile/15E148 Safari/604.1" "-"
2a03:2880:f800:: - - [04/Mar/2026:07:46:48 -0500] "GET /wordpress/wp-content/uploads/truman-architects-new-castle-town-hall-AA.jpg HTTP/1.1" 301 360 truman-architects.com "-" "meta-externalagent/1.1 (+https://developers.facebook.com/docs/sharing/webmasters/crawler)" "-"
2a03:2880:f800:: - - [04/Mar/2026:07:46:50 -0500] "GET /wordpress/wp-content/uploads/truman-architects-new-castle-town-hall-AA.jpg HTTP/1.1" 404 140090 catherinetrumanarchitects.com "-" "meta-externalagent/1.1 (+https://developers.facebook.com/docs/sharing/webmasters/crawler)" "-"
178.156.136.0 - - [04/Mar/2026:07:47:03 -0500] "POST /wp-load.php?c48af4=41226 HTTP/1.1" 200 24312 catherinetrumanarchitects.com "-" "Mozilla/5.0 (Windows NT 10.0; Win64; x64) AppleWebKit/537.36 (KHTML, like Gecko) Chrome/104.0.5112.97 Safari/537.36" "-"
2a03:2880:f800:: - - [04/Mar/2026:07:47:39 -0500] "GET /wordpress/wp-content/uploads/truman-architects-south-end-townhouse-plans-25.jpg HTTP/1.1" 301 365 truman-architects.com "-" "meta-externalagent/1.1 (+https://developers.facebook.com/docs/sharing/webmasters/crawler)" "-"
43.167.157.0 - - [04/Mar/2026:07:47:39 -0500] "GET / HTTP/1.1" 301 - catherinetrumanarchitects.com "-" "Mozilla/5.0 (iPhone; CPU iPhone OS 13_2_3 like Mac OS X) AppleWebKit/605.1.15 (KHTML, like Gecko) Version/13.0.3 Mobile/15E148 Safari/604.1" "-"
2a03:2880:f800:: - - [04/Mar/2026:07:47:41 -0500] "GET /wordpress/wp-content/uploads/truman-architects-south-end-townhouse-plans-25.jpg HTTP/1.1" 404 140090 catherinetrumanarchitects.com "-" "meta-externalagent/1.1 (+https://developers.facebook.com/docs/sharing/webmasters/crawler)" "-"
43.167.157.0 - - [04/Mar/2026:07:47:41 -0500] "GET / HTTP/1.1" 200 111413 catherinetrumanarchitects.com "http://catherinetrumanarchitects.com" "Mozilla/5.0 (iPhone; CPU iPhone OS 13_2_3 like Mac OS X) AppleWebKit/605.1.15 (KHTML, like Gecko) Version/13.0.3 Mobile/15E148 Safari/604.1" "-"
2a03:2880:f800:: - - [04/Mar/2026:07:47:51 -0500] "GET /wordpress/wp-content/uploads/truman-architects-townhouse04.jpg HTTP/1.1" 301 348 truman-architects.com "-" "meta-externalagent/1.1 (+https://developers.facebook.com/docs/sharing/webmasters/crawler)" "-"
2a03:2880:f800:: - - [04/Mar/2026:07:47:52 -0500] "GET /wordpress/wp-content/uploads/truman-architects-townhouse04.jpg HTTP/1.1" 404 140090 catherinetrumanarchitects.com "-" "meta-externalagent/1.1 (+https://developers.facebook.com/docs/sharing/webmasters/crawler)" "-"
66.249.64.0 - - [04/Mar/2026:07:50:20 -0500] "GET /robots.txt HTTP/1.1" 404 1271 trumanarchitects.com "-" "Mozilla/5.0 (compatible; Googlebot/2.1; +http://www.google.com/bot.html)" "-"
2a03:2880:f800:: - - [04/Mar/2026:07:51:12 -0500] "GET /wordpress/wp-content/uploads/truman-architects-nantucket-kitchen-04.jpg HTTP/1.1" 301 357 truman-architects.com "-" "meta-externalagent/1.1 (+https://developers.facebook.com/docs/sharing/webmasters/crawler)" "-"
2a03:2880:f800:: - - [04/Mar/2026:07:51:14 -0500] "GET /wordpress/wp-content/uploads/truman-architects-nantucket-kitchen-04.jpg HTTP/1.1" 404 140090 catherinetrumanarchitects.com "-" "meta-externalagent/1.1 (+https://developers.facebook.com/docs/sharing/webmasters/crawler)" "-"
74.208.59.0 - - [04/Mar/2026:07:51:16 -0500] "POST /wp-cron.php?doing_wp_cron=1772628676.0529150962829589843750 HTTP/1.1" 200 - catherinetrumanarchitects.com "-" "WordPress/6.9.1; https://catherinetrumanarchitects.com" "-"
2a03:2880:f800:: - - [04/Mar/2026:07:52:58 -0500] "GET /wordpress/wp-content/uploads/truman-architects-philips-andover-after-05.jpg HTTP/1.1" 301 361 truman-architects.com "-" "meta-externalagent/1.1 (+https://developers.facebook.com/docs/sharing/webmasters/crawler)" "-"
2a03:2880:f800:: - - [04/Mar/2026:07:53:01 -0500] "GET /wordpress/wp-content/uploads/truman-architects-philips-andover-after-05.jpg HTTP/1.1" 404 140090 catherinetrumanarchitects.com "-" "meta-externalagent/1.1 (+https://developers.facebook.com/docs/sharing/webmasters/crawler)" "-"
2a03:2880:f800:: - - [04/Mar/2026:07:54:30 -0500] "GET /wordpress/wp-content/uploads/truman-architects-island-reno-expansion-07a.jpg HTTP/1.1" 301 362 truman-architects.com "-" "meta-externalagent/1.1 (+https://developers.facebook.com/docs/sharing/webmasters/crawler)" "-"
2a03:2880:f800:: - - [04/Mar/2026:07:54:32 -0500] "GET /wordpress/wp-content/uploads/truman-architects-island-reno-expansion-07a.jpg HTTP/1.1" 404 140090 catherinetrumanarchitects.com "-" "meta-externalagent/1.1 (+https://developers.facebook.com/docs/sharing/webmasters/crawler)" "-"
186.225.226.0 - - [04/Mar/2026:07:55:44 -0500] "GET /project/barn-with-a-view/ HTTP/1.1" 200 178061 catherinetrumanarchitects.com "-" "Mozilla/5.0 (Macintosh; U; Intel Mac OS X 10.6; en-US; rv:1.9.2) Gecko/20091218 Firefox 3.6b5" "-"
74.208.59.0 - - [04/Mar/2026:07:55:45 -0500] "POST /wp-cron.php?doing_wp_cron=1772628945.8066720962524414062500 HTTP/1.1" 200 - catherinetrumanarchitects.com "-" "WordPress/6.9.1; https://catherinetrumanarchitects.com" "-"
2a03:2880:f800:: - - [04/Mar/2026:07:56:44 -0500] "GET /wordpress/wp-content/uploads/truman-architects-mid-century-reno-rendering-04.jpg HTTP/1.1" 301 366 truman-architects.com "-" "meta-externalagent/1.1 (+https://developers.facebook.com/docs/sharing/webmasters/crawler)" "-"
2a03:2880:f800:: - - [04/Mar/2026:07:56:47 -0500] "GET /wordpress/wp-content/uploads/truman-architects-mid-century-reno-rendering-04.jpg HTTP/1.1" 404 140090 catherinetrumanarchitects.com "-" "meta-externalagent/1.1 (+https://developers.facebook.com/docs/sharing/webmasters/crawler)" "-"
2a03:2880:f800:: - - [04/Mar/2026:07:57:47 -0500] "GET /wordpress/wp-content/uploads/truman-architects-new-castle-town-hall-01a.jpg HTTP/1.1" 301 361 truman-architects.com "-" "meta-externalagent/1.1 (+https://developers.facebook.com/docs/sharing/webmasters/crawler)" "-"
2a03:2880:f800:: - - [04/Mar/2026:07:57:48 -0500] "GET /wordpress/wp-content/uploads/truman-architects-new-castle-town-hall-01a.jpg HTTP/1.1" 404 140090 catherinetrumanarchitects.com "-" "meta-externalagent/1.1 (+https://developers.facebook.com/docs/sharing/webmasters/crawler)" "-"
2a03:2880:f800:: - - [04/Mar/2026:07:57:52 -0500] "GET /wordpress/wp-content/uploads/truman-architects-great-camp-bunkhouse-before-06.jpg HTTP/1.1" 301 367 truman-architects.com "-" "meta-externalagent/1.1 (+https://developers.facebook.com/docs/sharing/webmasters/crawler)" "-"
2a03:2880:f800:: - - [04/Mar/2026:07:57:53 -0500] "GET /wordpress/wp-content/uploads/truman-architects-great-camp-bunkhouse-before-06.jpg HTTP/1.1" 404 140090 catherinetrumanarchitects.com "-" "meta-externalagent/1.1 (+https://developers.facebook.com/docs/sharing/webmasters/crawler)" "-"
130.44.169.0 - - [04/Mar/2026:07:57:58 -0500] "POST /autodiscover/autodiscover.xml HTTP/1.1" 404 143973 catherinetrumanarchitects.com "-" "Microsoft Office/16.0 (Windows NT 10.0; Microsoft Outlook 16.0.19725; Pro)" "-"
130.44.169.0 - - [04/Mar/2026:07:58:18 -0500] "POST /autodiscover/autodiscover.xml HTTP/1.1" 301 315 truman-architects.com "-" "Microsoft Office/16.0 (Windows NT 10.0; Microsoft Outlook 16.0.19725; Pro)" "-"
130.44.169.0 - - [04/Mar/2026:07:58:18 -0500] "POST /autodiscover/autodiscover.xml HTTP/1.1" 404 143973 catherinetrumanarchitects.com "-" "Microsoft Office/16.0 (Windows NT 10.0; Microsoft Outlook 16.0.19725; Pro)" "-"
94.26.106.0 - - [04/Mar/2026:07:59:00 -0500] "GET /assets/images/accesson.php HTTP/1.1" 404 140098 catherinetrumanarchitects.com "-" "Mozilla/5.0 (Windows NT 10.0; Win64; x64) Gecko/20100101 Firefox/119.0.1" "-"
94.26.106.0 - - [04/Mar/2026:07:59:02 -0500] "GET /accesson.php HTTP/1.1" 404 147405 catherinetrumanarchitects.com "-" "Mozilla/5.0 (Windows NT 10.0; Win64; x64) AppleWebKit/537.36 (KHTML, like Gecko) Chrome/119.0.6045.159 Safari/537.36" "-"
2a03:2880:f800:: - - [04/Mar/2026:08:00:45 -0500] "GET /wordpress/wp-content/uploads/truman-architects-great-camp-main-house-before-19.jpg HTTP/1.1" 301 368 truman-architects.com "-" "meta-externalagent/1.1 (+https://developers.facebook.com/docs/sharing/webmasters/crawler)" "-"
2a03:2880:f800:: - - [04/Mar/2026:08:00:46 -0500] "GET /wordpress/wp-content/uploads/truman-architects-great-camp-main-house-before-19.jpg HTTP/1.1" 404 140090 catherinetrumanarchitects.com "-" "meta-externalagent/1.1 (+https://developers.facebook.com/docs/sharing/webmasters/crawler)" "-"
5.161.201.0 - - [04/Mar/2026:08:02:03 -0500] "POST /wp-load.php?1115b1=27356 HTTP/1.1" 200 22480 catherinetrumanarchitects.com "-" "Mozilla/5.0 (Windows NT 10.0; Win64; x64) AppleWebKit/537.36 (KHTML, like Gecko) Chrome/104.0.5112.97 Safari/537.36" "-"
51.68.107.0 - - [04/Mar/2026:08:02:19 -0500] "GET /robots.txt HTTP/1.1" 301 296 truman-architects.com "-" "Mozilla/5.0 (compatible; MJ12bot/v2.0.5; http://mj12bot.com/)" "-"
51.68.107.0 - - [04/Mar/2026:08:02:20 -0500] "GET /robots.txt HTTP/1.1" 200 187 catherinetrumanarchitects.com "-" "Mozilla/5.0 (compatible; MJ12bot/v2.0.5; http://mj12bot.com/)" "-"
51.68.107.0 - - [04/Mar/2026:08:02:21 -0500] "GET / HTTP/1.1" 301 286 truman-architects.com "-" "Mozilla/5.0 (compatible; MJ12bot/v2.0.5; http://mj12bot.com/)" "-"
51.68.107.0 - - [04/Mar/2026:08:02:21 -0500] "GET / HTTP/1.1" 200 111409 catherinetrumanarchitects.com "-" "Mozilla/5.0 (compatible; MJ12bot/v2.0.5; http://mj12bot.com/)" "-"
2a02:598:100:: - - [04/Mar/2026:08:02:32 -0500] "GET /page-sitemap.xml HTTP/1.1" 200 11370 catherinetrumanarchitects.com "-" "Mozilla/5.0 (compatible; SeznamBot/4.0; +https://o-seznam.cz/napoveda/vyhledavani/en/seznambot-crawler/)" "-"
209.87.169.0 - - [04/Mar/2026:08:02:41 -0500] "POST /wp-login.php HTTP/1.1" 200 7433 catherinetrumanarchitects.com "-" "Mozilla/5.0" "-"
209.87.169.0 - - [04/Mar/2026:08:02:41 -0500] "POST /wp-login.php HTTP/1.1" 200 7521 catherinetrumanarchitects.com "-" "Mozilla/5.0" "-"
209.87.169.0 - - [04/Mar/2026:08:02:41 -0500] "POST /wp-login.php HTTP/1.1" 200 7479 catherinetrumanarchitects.com "-" "Mozilla/5.0" "-"
209.87.169.0 - - [04/Mar/2026:08:02:41 -0500] "POST /wp-login.php HTTP/1.1" 200 7433 catherinetrumanarchitects.com "-" "Mozilla/5.0" "-"
2a03:2880:f800:: - - [04/Mar/2026:08:02:49 -0500] "GET /wordpress/wp-content/uploads/truman-architects-south-end-townhouse-after-07.jpg HTTP/1.1" 301 365 truman-architects.com "-" "meta-externalagent/1.1 (+https://developers.facebook.com/docs/sharing/webmasters/crawler)" "-"
2a03:2880:f800:: - - [04/Mar/2026:08:02:51 -0500] "GET /wordpress/wp-content/uploads/truman-architects-south-end-townhouse-after-07.jpg HTTP/1.1" 404 140090 catherinetrumanarchitects.com "-" "meta-externalagent/1.1 (+https://developers.facebook.com/docs/sharing/webmasters/crawler)" "-"
101.42.46.0 - - [04/Mar/2026:08:03:17 -0500] "GET / HTTP/1.1" 301 286 truman-architects.com "-" "Mozilla/5.0 (iPhone; CPU iPhone OS 13_2_3 like Mac OS X) AppleWebKit/605.1.15 (KHTML, like Gecko) Version/13.0.3 Mobile/15E148 Safari/604.1" "-"
2a03:2880:f800:: - - [04/Mar/2026:08:03:46 -0500] "GET /wordpress/wp-content/uploads/truman-architects-philips-andover-after-06.jpg HTTP/1.1" 301 361 truman-architects.com "-" "meta-externalagent/1.1 (+https://developers.facebook.com/docs/sharing/webmasters/crawler)" "-"
2a03:2880:f800:: - - [04/Mar/2026:08:03:49 -0500] "GET /wordpress/wp-content/uploads/truman-architects-philips-andover-after-06.jpg HTTP/1.1" 404 140090 catherinetrumanarchitects.com "-" "meta-externalagent/1.1 (+https://developers.facebook.com/docs/sharing/webmasters/crawler)" "-"
109.204.55.0 - - [04/Mar/2026:08:06:05 -0500] "GET /wordpress/wp-content/uploads/truman-architects-247commave2347-960x564.jpg HTTP/1.1" 301 359 truman-architects.com "-" "Mozilla/5.0 (compatible; crawler)" "-"
161.123.242.0 - - [04/Mar/2026:08:06:07 -0500] "GET /wordpress/wp-content/uploads/truman-architects-247commave2347-960x564.jpg HTTP/1.1" 404 140090 catherinetrumanarchitects.com "-" "Mozilla/5.0 (compatible; crawler)" "-"
2a03:2880:f800:: - - [04/Mar/2026:08:10:30 -0500] "GET /wordpress/wp-content/uploads/truman-architects-great-camp-main-house-after-18.jpg HTTP/1.1" 301 367 truman-architects.com "-" "meta-externalagent/1.1 (+https://developers.facebook.com/docs/sharing/webmasters/crawler)" "-"
2a03:2880:f800:: - - [04/Mar/2026:08:10:32 -0500] "GET /wordpress/wp-content/uploads/truman-architects-great-camp-main-house-after-18.jpg HTTP/1.1" 404 140090 catherinetrumanarchitects.com "-" "meta-externalagent/1.1 (+https://developers.facebook.com/docs/sharing/webmasters/crawler)" "-"
2a03:2880:f800:: - - [04/Mar/2026:08:12:22 -0500] "GET /wordpress/wp-content/uploads/truman-architects-cambridge-house-after-17.jpg HTTP/1.1" 301 361 truman-architects.com "-" "meta-externalagent/1.1 (+https://developers.facebook.com/docs/sharing/webmasters/crawler)" "-"
2a03:2880:f800:: - - [04/Mar/2026:08:12:24 -0500] "GET /wordpress/wp-content/uploads/truman-architects-cambridge-house-after-17.jpg HTTP/1.1" 404 140090 catherinetrumanarchitects.com "-" "meta-externalagent/1.1 (+https://developers.facebook.com/docs/sharing/webmasters/crawler)" "-"
180.93.231.0 - - [04/Mar/2026:08:13:40 -0500] "GET /.env HTTP/1.1" 404 143973 catherinetrumanarchitects.com "-" "Mozilla/5.0 (Windows NT 10.0; Win64; x64) AppleWebKit/537.36" "-"
52.167.144.0 - - [04/Mar/2026:08:14:27 -0500] "GET /wp-content/uploads/2023/03/South-End-Townhouse-Before-19.jpg HTTP/1.1" 200 210024 catherinetrumanarchitects.com "-" "Mozilla/5.0 AppleWebKit/537.36 (KHTML, like Gecko; compatible; bingbot/2.0; +http://www.bing.com/bingbot.htm) Chrome/116.0.1938.76 Safari/537.36" "-"
2a03:2880:f800:: - - [04/Mar/2026:08:14:58 -0500] "GET /wordpress/wp-content/uploads/truman-architects-great-camp-main-house-before-14.jpg HTTP/1.1" 301 368 truman-architects.com "-" "meta-externalagent/1.1 (+https://developers.facebook.com/docs/sharing/webmasters/crawler)" "-"
2a03:2880:f800:: - - [04/Mar/2026:08:15:00 -0500] "GET /wordpress/wp-content/uploads/truman-architects-great-camp-main-house-before-14.jpg HTTP/1.1" 404 140090 catherinetrumanarchitects.com "-" "meta-externalagent/1.1 (+https://developers.facebook.com/docs/sharing/webmasters/crawler)" "-"
74.208.59.0 - - [04/Mar/2026:08:15:01 -0500] "POST /wp-cron.php?doing_wp_cron=1772630101.6813828945159912109375 HTTP/1.1" 200 - catherinetrumanarchitects.com "-" "WordPress/6.9.1; https://catherinetrumanarchitects.com" "-"
148.76.189.0 - - [04/Mar/2026:08:15:12 -0500] "GET /projects/ HTTP/1.1" 200 127628 catherinetrumanarchitects.com "https://catherinetrumanarchitects.com/" "Mozilla/5.0 (Windows NT 10.0; Win64; x64) AppleWebKit/537.36 (KHTML, like Gecko) Chrome/145.0.0.0 Safari/537.36" "-"
148.76.189.0 - - [04/Mar/2026:08:15:14 -0500] "GET /wp-content/uploads/2025/11/Locke-Feature-2-scaled.jpg HTTP/1.1" 200 719531 catherinetrumanarchitects.com "https://catherinetrumanarchitects.com/projects/" "Mozilla/5.0 (Windows NT 10.0; Win64; x64) AppleWebKit/537.36 (KHTML, like Gecko) Chrome/145.0.0.0 Safari/537.36" "-"
148.76.189.0 - - [04/Mar/2026:08:15:14 -0500] "GET /wp-content/uploads/2025/11/Contemporary-Single-Fam-Feature-scaled.jpg HTTP/1.1" 200 424389 catherinetrumanarchitects.com "https://catherinetrumanarchitects.com/projects/" "Mozilla/5.0 (Windows NT 10.0; Win64; x64) AppleWebKit/537.36 (KHTML, like Gecko) Chrome/145.0.0.0 Safari/537.36" "-"
148.76.189.0 - - [04/Mar/2026:08:15:14 -0500] "GET /wp-content/uploads/2025/10/Feature-Opt-2-scaled-1.jpg HTTP/1.1" 200 429664 catherinetrumanarchitects.com "https://catherinetrumanarchitects.com/projects/" "Mozilla/5.0 (Windows NT 10.0; Win64; x64) AppleWebKit/537.36 (KHTML, like Gecko) Chrome/145.0.0.0 Safari/537.36" "-"
148.76.189.0 - - [04/Mar/2026:08:15:14 -0500] "GET /wp-content/uploads/2023/03/classic-townhouse-01_Living4.jpg HTTP/1.1" 200 344555 catherinetrumanarchitects.com "https://catherinetrumanarchitects.com/projects/" "Mozilla/5.0 (Windows NT 10.0; Win64; x64) AppleWebKit/537.36 (KHTML, like Gecko) Chrome/145.0.0.0 Safari/537.36" "-"
148.76.189.0 - - [04/Mar/2026:08:15:14 -0500] "GET /wp-content/uploads/2023/03/south-end-townhouse-8.jpg HTTP/1.1" 200 273065 catherinetrumanarchitects.com "https://catherinetrumanarchitects.com/projects/" "Mozilla/5.0 (Windows NT 10.0; Win64; x64) AppleWebKit/537.36 (KHTML, like Gecko) Chrome/145.0.0.0 Safari/537.36" "-"
148.76.189.0 - - [04/Mar/2026:08:15:14 -0500] "GET /wp-content/uploads/2023/09/Charlestown-00-scaled.jpg HTTP/1.1" 200 462572 catherinetrumanarchitects.com "https://catherinetrumanarchitects.com/projects/" "Mozilla/5.0 (Windows NT 10.0; Win64; x64) AppleWebKit/537.36 (KHTML, like Gecko) Chrome/145.0.0.0 Safari/537.36" "-"
148.76.189.0 - - [04/Mar/2026:08:15:14 -0500] "GET /wp-content/uploads/2023/03/Mid-Century-Feature-scaled.jpg HTTP/1.1" 200 791492 catherinetrumanarchitects.com "https://catherinetrumanarchitects.com/projects/" "Mozilla/5.0 (Windows NT 10.0; Win64; x64) AppleWebKit/537.36 (KHTML, like Gecko) Chrome/145.0.0.0 Safari/537.36" "-"
148.76.189.0 - - [04/Mar/2026:08:15:15 -0500] "GET /wp-content/uploads/2023/03/mountain-retreat-NH-Int-22.jpg HTTP/1.1" 200 218668 catherinetrumanarchitects.com "https://catherinetrumanarchitects.com/projects/" "Mozilla/5.0 (Windows NT 10.0; Win64; x64) AppleWebKit/537.36 (KHTML, like Gecko) Chrome/145.0.0.0 Safari/537.36" "-"
148.76.189.0 - - [04/Mar/2026:08:15:15 -0500] "GET /wp-content/uploads/2023/09/Barn-Feature-scaled.jpg HTTP/1.1" 200 1183259 catherinetrumanarchitects.com "https://catherinetrumanarchitects.com/projects/" "Mozilla/5.0 (Windows NT 10.0; Win64; x64) AppleWebKit/537.36 (KHTML, like Gecko) Chrome/145.0.0.0 Safari/537.36" "-"
148.76.189.0 - - [04/Mar/2026:08:15:15 -0500] "GET /wp-content/uploads/2023/09/Garden-St-06-scaled.jpg HTTP/1.1" 200 760762 catherinetrumanarchitects.com "https://catherinetrumanarchitects.com/projects/" "Mozilla/5.0 (Windows NT 10.0; Win64; x64) AppleWebKit/537.36 (KHTML, like Gecko) Chrome/145.0.0.0 Safari/537.36" "-"
148.76.189.0 - - [04/Mar/2026:08:15:15 -0500] "GET /wp-content/uploads/2023/03/From-SW-Horiz.jpg HTTP/1.1" 200 428957 catherinetrumanarchitects.com "https://catherinetrumanarchitects.com/projects/" "Mozilla/5.0 (Windows NT 10.0; Win64; x64) AppleWebKit/537.36 (KHTML, like Gecko) Chrome/145.0.0.0 Safari/537.36" "-"
148.76.189.0 - - [04/Mar/2026:08:15:15 -0500] "GET /wp-content/uploads/2023/04/3-T-min-scaled.jpg HTTP/1.1" 200 659784 catherinetrumanarchitects.com "https://catherinetrumanarchitects.com/projects/" "Mozilla/5.0 (Windows NT 10.0; Win64; x64) AppleWebKit/537.36 (KHTML, like Gecko) Chrome/145.0.0.0 Safari/537.36" "-"
148.76.189.0 - - [04/Mar/2026:08:15:15 -0500] "GET /wp-content/uploads/2023/03/10-min-scaled.jpg HTTP/1.1" 200 746696 catherinetrumanarchitects.com "https://catherinetrumanarchitects.com/projects/" "Mozilla/5.0 (Windows NT 10.0; Win64; x64) AppleWebKit/537.36 (KHTML, like Gecko) Chrome/145.0.0.0 Safari/537.36" "-"
148.76.189.0 - - [04/Mar/2026:08:15:15 -0500] "GET /wp-content/uploads/2023/03/townhouse-kitchen-3-T.jpg HTTP/1.1" 200 186670 catherinetrumanarchitects.com "https://catherinetrumanarchitects.com/projects/" "Mozilla/5.0 (Windows NT 10.0; Win64; x64) AppleWebKit/537.36 (KHTML, like Gecko) Chrome/145.0.0.0 Safari/537.36" "-"
148.76.189.0 - - [04/Mar/2026:08:15:15 -0500] "GET /wp-content/uploads/2023/03/riverside-condo-renovation-1-T.jpg HTTP/1.1" 200 272711 catherinetrumanarchitects.com "https://catherinetrumanarchitects.com/projects/" "Mozilla/5.0 (Windows NT 10.0; Win64; x64) AppleWebKit/537.36 (KHTML, like Gecko) Chrome/145.0.0.0 Safari/537.36" "-"
148.76.189.0 - - [04/Mar/2026:08:15:15 -0500] "GET /wp-content/uploads/2023/03/Newton-Feature-scaled.jpg HTTP/1.1" 200 304991 catherinetrumanarchitects.com "https://catherinetrumanarchitects.com/projects/" "Mozilla/5.0 (Windows NT 10.0; Win64; x64) AppleWebKit/537.36 (KHTML, like Gecko) Chrome/145.0.0.0 Safari/537.36" "-"
148.76.189.0 - - [04/Mar/2026:08:15:15 -0500] "GET /wp-content/uploads/2023/03/4-T-min-scaled.jpg HTTP/1.1" 200 343573 catherinetrumanarchitects.com "https://catherinetrumanarchitects.com/projects/" "Mozilla/5.0 (Windows NT 10.0; Win64; x64) AppleWebKit/537.36 (KHTML, like Gecko) Chrome/145.0.0.0 Safari/537.36" "-"
148.76.189.0 - - [04/Mar/2026:08:15:15 -0500] "GET /wp-content/uploads/2023/03/smith-kitchen-1.jpg HTTP/1.1" 200 1101094 catherinetrumanarchitects.com "https://catherinetrumanarchitects.com/projects/" "Mozilla/5.0 (Windows NT 10.0; Win64; x64) AppleWebKit/537.36 (KHTML, like Gecko) Chrome/145.0.0.0 Safari/537.36" "-"
148.76.189.0 - - [04/Mar/2026:08:15:15 -0500] "GET /wp-content/uploads/2023/03/2-T-scaled.jpg HTTP/1.1" 200 292840 catherinetrumanarchitects.com "https://catherinetrumanarchitects.com/projects/" "Mozilla/5.0 (Windows NT 10.0; Win64; x64) AppleWebKit/537.36 (KHTML, like Gecko) Chrome/145.0.0.0 Safari/537.36" "-"
148.76.189.0 - - [04/Mar/2026:08:15:15 -0500] "GET /wp-content/uploads/2023/09/Primary-Suite-Feature-scaled.jpg HTTP/1.1" 200 357776 catherinetrumanarchitects.com "https://catherinetrumanarchitects.com/projects/" "Mozilla/5.0 (Windows NT 10.0; Win64; x64) AppleWebKit/537.36 (KHTML, like Gecko) Chrome/145.0.0.0 Safari/537.36" "-"
148.76.189.0 - - [04/Mar/2026:08:15:15 -0500] "GET /wp-content/uploads/2023/03/Concord-Feature-scaled.jpg HTTP/1.1" 200 836961 catherinetrumanarchitects.com "https://catherinetrumanarchitects.com/projects/" "Mozilla/5.0 (Windows NT 10.0; Win64; x64) AppleWebKit/537.36 (KHTML, like Gecko) Chrome/145.0.0.0 Safari/537.36" "-"
148.76.189.0 - - [04/Mar/2026:08:15:15 -0500] "GET /wp-content/uploads/2023/04/Nantucket-Kitchen-1-min.jpg HTTP/1.1" 200 437666 catherinetrumanarchitects.com "https://catherinetrumanarchitects.com/projects/" "Mozilla/5.0 (Windows NT 10.0; Win64; x64) AppleWebKit/537.36 (KHTML, like Gecko) Chrome/145.0.0.0 Safari/537.36" "-"
148.76.189.0 - - [04/Mar/2026:08:15:15 -0500] "GET /wp-content/uploads/2023/03/4-1.jpg HTTP/1.1" 200 286053 catherinetrumanarchitects.com "https://catherinetrumanarchitects.com/projects/" "Mozilla/5.0 (Windows NT 10.0; Win64; x64) AppleWebKit/537.36 (KHTML, like Gecko) Chrome/145.0.0.0 Safari/537.36" "-"
148.76.189.0 - - [04/Mar/2026:08:15:15 -0500] "GET /wp-content/uploads/2023/03/1-West-4.jpg HTTP/1.1" 200 402649 catherinetrumanarchitects.com "https://catherinetrumanarchitects.com/projects/" "Mozilla/5.0 (Windows NT 10.0; Win64; x64) AppleWebKit/537.36 (KHTML, like Gecko) Chrome/145.0.0.0 Safari/537.36" "-"
148.76.189.0 - - [04/Mar/2026:08:15:15 -0500] "GET /wp-content/uploads/2023/09/37-Pond-kitchen-1a.jpg HTTP/1.1" 200 1444225 catherinetrumanarchitects.com "https://catherinetrumanarchitects.com/projects/" "Mozilla/5.0 (Windows NT 10.0; Win64; x64) AppleWebKit/537.36 (KHTML, like Gecko) Chrome/145.0.0.0 Safari/537.36" "-"
148.76.189.0 - - [04/Mar/2026:08:15:15 -0500] "GET /wp-content/uploads/2023/03/Firestone-and-Parson-01-min.jpg HTTP/1.1" 200 547936 catherinetrumanarchitects.com "https://catherinetrumanarchitects.com/projects/" "Mozilla/5.0 (Windows NT 10.0; Win64; x64) AppleWebKit/537.36 (KHTML, like Gecko) Chrome/145.0.0.0 Safari/537.36" "-"
148.76.189.0 - - [04/Mar/2026:08:15:15 -0500] "GET /wp-content/uploads/2023/03/Lotta-Fountain-02-min.jpg HTTP/1.1" 200 670335 catherinetrumanarchitects.com "https://catherinetrumanarchitects.com/projects/" "Mozilla/5.0 (Windows NT 10.0; Win64; x64) AppleWebKit/537.36 (KHTML, like Gecko) Chrome/145.0.0.0 Safari/537.36" "-"
148.76.189.0 - - [04/Mar/2026:08:15:15 -0500] "GET /wp-content/uploads/2023/03/truman-architects-new-castle-town-hall-01a.jpg HTTP/1.1" 200 285940 catherinetrumanarchitects.com "https://catherinetrumanarchitects.com/projects/" "Mozilla/5.0 (Windows NT 10.0; Win64; x64) AppleWebKit/537.36 (KHTML, like Gecko) Chrome/145.0.0.0 Safari/537.36" "-"
148.76.189.0 - - [04/Mar/2026:08:15:15 -0500] "GET /wp-content/uploads/2023/03/Cambridge-House-T.jpg HTTP/1.1" 200 1154538 catherinetrumanarchitects.com "https://catherinetrumanarchitects.com/projects/" "Mozilla/5.0 (Windows NT 10.0; Win64; x64) AppleWebKit/537.36 (KHTML, like Gecko) Chrome/145.0.0.0 Safari/537.36" "-"
148.76.189.0 - - [04/Mar/2026:08:15:15 -0500] "GET /wp-content/uploads/2023/04/BullfinchHouse-01.jpg HTTP/1.1" 200 1476787 catherinetrumanarchitects.com "https://catherinetrumanarchitects.com/projects/" "Mozilla/5.0 (Windows NT 10.0; Win64; x64) AppleWebKit/537.36 (KHTML, like Gecko) Chrome/145.0.0.0 Safari/537.36" "-"
148.76.189.0 - - [04/Mar/2026:08:15:15 -0500] "GET /wp-content/uploads/2023/03/Great-Camp-Main-House-0-min.jpg HTTP/1.1" 200 697282 catherinetrumanarchitects.com "https://catherinetrumanarchitects.com/projects/" "Mozilla/5.0 (Windows NT 10.0; Win64; x64) AppleWebKit/537.36 (KHTML, like Gecko) Chrome/145.0.0.0 Safari/537.36" "-"
148.76.189.0 - - [04/Mar/2026:08:15:15 -0500] "GET /wp-content/uploads/2023/03/Great-Camp-Bunkhouse-06-T-min.jpg HTTP/1.1" 200 485542 catherinetrumanarchitects.com "https://catherinetrumanarchitects.com/projects/" "Mozilla/5.0 (Windows NT 10.0; Win64; x64) AppleWebKit/537.36 (KHTML, like Gecko) Chrome/145.0.0.0 Safari/537.36" "-"
148.76.189.0 - - [04/Mar/2026:08:15:15 -0500] "GET /wp-content/uploads/2023/03/Great-Camp-Cabins-04-T-min.jpg HTTP/1.1" 200 573760 catherinetrumanarchitects.com "https://catherinetrumanarchitects.com/projects/" "Mozilla/5.0 (Windows NT 10.0; Win64; x64) AppleWebKit/537.36 (KHTML, like Gecko) Chrome/145.0.0.0 Safari/537.36" "-"
148.76.189.0 - - [04/Mar/2026:08:15:15 -0500] "GET /wp-content/uploads/2023/03/Great-Camp-Barn-02-T-min.jpg HTTP/1.1" 200 780867 catherinetrumanarchitects.com "https://catherinetrumanarchitects.com/projects/" "Mozilla/5.0 (Windows NT 10.0; Win64; x64) AppleWebKit/537.36 (KHTML, like Gecko) Chrome/145.0.0.0 Safari/537.36" "-"
148.76.189.0 - - [04/Mar/2026:08:15:15 -0500] "GET /wp-content/uploads/2023/04/west-cedar-street-renovation-01-T.jpg HTTP/1.1" 200 808999 catherinetrumanarchitects.com "https://catherinetrumanarchitects.com/projects/" "Mozilla/5.0 (Windows NT 10.0; Win64; x64) AppleWebKit/537.36 (KHTML, like Gecko) Chrome/145.0.0.0 Safari/537.36" "-"
148.76.189.0 - - [04/Mar/2026:08:15:15 -0500] "GET /wp-content/uploads/2023/03/wellesley-renovation-1-T.jpg HTTP/1.1" 200 468804 catherinetrumanarchitects.com "https://catherinetrumanarchitects.com/projects/" "Mozilla/5.0 (Windows NT 10.0; Win64; x64) AppleWebKit/537.36 (KHTML, like Gecko) Chrome/145.0.0.0 Safari/537.36" "-"
148.76.189.0 - - [04/Mar/2026:08:15:15 -0500] "GET /wp-content/uploads/2023/03/st-pauls-school-chapels-01.jpg HTTP/1.1" 200 286502 catherinetrumanarchitects.com "https://catherinetrumanarchitects.com/projects/" "Mozilla/5.0 (Windows NT 10.0; Win64; x64) AppleWebKit/537.36 (KHTML, like Gecko) Chrome/145.0.0.0 Safari/537.36" "-"
148.76.189.0 - - [04/Mar/2026:08:15:15 -0500] "GET /wp-content/uploads/2023/03/8-min-2-scaled.jpg HTTP/1.1" 200 477907 catherinetrumanarchitects.com "https://catherinetrumanarchitects.com/projects/" "Mozilla/5.0 (Windows NT 10.0; Win64; x64) AppleWebKit/537.36 (KHTML, like Gecko) Chrome/145.0.0.0 Safari/537.36" "-"
2a03:2880:f800:: - - [04/Mar/2026:08:16:19 -0500] "GET /wordpress/wp-content/uploads/truman-architects-riverside-condo-reno-5.jpg HTTP/1.1" 301 359 truman-architects.com "-" "meta-externalagent/1.1 (+https://developers.facebook.com/docs/sharing/webmasters/crawler)" "-"
2a03:2880:f800:: - - [04/Mar/2026:08:16:21 -0500] "GET /wordpress/wp-content/uploads/truman-architects-riverside-condo-reno-5.jpg HTTP/1.1" 404 140090 catherinetrumanarchitects.com "-" "meta-externalagent/1.1 (+https://developers.facebook.com/docs/sharing/webmasters/crawler)" "-"
2a03:2880:f800:: - - [04/Mar/2026:08:16:46 -0500] "GET /wordpress/wp-content/uploads/truman-architects-cambridge-house-before-06.jpg HTTP/1.1" 301 362 truman-architects.com "-" "meta-externalagent/1.1 (+https://developers.facebook.com/docs/sharing/webmasters/crawler)" "-"
2a03:2880:f800:: - - [04/Mar/2026:08:16:49 -0500] "GET /wordpress/wp-content/uploads/truman-architects-cambridge-house-before-06.jpg HTTP/1.1" 404 140090 catherinetrumanarchitects.com "-" "meta-externalagent/1.1 (+https://developers.facebook.com/docs/sharing/webmasters/crawler)" "-"
5.161.177.0 - - [04/Mar/2026:08:17:05 -0500] "POST /wp-load.php?9e498e=45004 HTTP/1.1" 200 24848 catherinetrumanarchitects.com "-" "Mozilla/5.0 (Windows NT 10.0; Win64; x64) AppleWebKit/537.36 (KHTML, like Gecko) Chrome/104.0.5112.97 Safari/537.36" "-"
209.87.169.0 - - [04/Mar/2026:08:20:11 -0500] "POST /wp-login.php HTTP/1.1" 200 7433 catherinetrumanarchitects.com "-" "Mozilla/5.0" "-"
209.87.169.0 - - [04/Mar/2026:08:20:11 -0500] "POST /wp-login.php HTTP/1.1" 200 7433 catherinetrumanarchitects.com "-" "Mozilla/5.0" "-"
209.87.169.0 - - [04/Mar/2026:08:20:11 -0500] "POST /wp-login.php HTTP/1.1" 200 7479 catherinetrumanarchitects.com "-" "Mozilla/5.0" "-"
209.87.169.0 - - [04/Mar/2026:08:20:11 -0500] "POST /wp-login.php HTTP/1.1" 200 7521 catherinetrumanarchitects.com "-" "Mozilla/5.0" "-"
139.180.180.0 - - [04/Mar/2026:08:22:48 -0500] "POST /wp-load.php?19722c=49775 HTTP/1.1" 200 3024 catherinetrumanarchitects.com "https://catherinetrumanarchitects.com/" "Mozilla/5.0 (Windows NT 10.0; Win64; x64) AppleWebKit/537.36 (KHTML, like Gecko) Chrome/138.0.0.0 Safari/537.36" "-"
49.13.85.0 - - [04/Mar/2026:08:22:49 -0500] "POST /wp-load.php?ecb9aa=14562 HTTP/1.1" 200 3024 catherinetrumanarchitects.com "https://catherinetrumanarchitects.com/" "Mozilla/5.0 (Windows NT 10.0; Win64; x64) AppleWebKit/537.36 (KHTML, like Gecko) Chrome/138.0.0.0 Safari/537.36" "-"
5.161.250.0 - - [04/Mar/2026:08:22:50 -0500] "POST /wp-load.php?ce1964=2447 HTTP/1.1" 200 3024 catherinetrumanarchitects.com "https://catherinetrumanarchitects.com/" "Mozilla/5.0 (Windows NT 10.0; Win64; x64) AppleWebKit/537.36 (KHTML, like Gecko) Chrome/138.0.0.0 Safari/537.36" "-"
178.156.128.0 - - [04/Mar/2026:08:22:52 -0500] "POST /wp-load.php?6a350e=59337 HTTP/1.1" 200 14408 catherinetrumanarchitects.com "https://catherinetrumanarchitects.com/" "Mozilla/5.0 (Windows NT 10.0; Win64; x64) AppleWebKit/537.36 (KHTML, like Gecko) Chrome/138.0.0.0 Safari/537.36" "-"
5.161.44.0 - - [04/Mar/2026:08:22:53 -0500] "POST /wp-load.php?c462d5=34673 HTTP/1.1" 200 1936 catherinetrumanarchitects.com "https://catherinetrumanarchitects.com/" "Mozilla/5.0 (Windows NT 10.0; Win64; x64) AppleWebKit/537.36 (KHTML, like Gecko) Chrome/138.0.0.0 Safari/537.36" "-"
5.161.201.0 - - [04/Mar/2026:08:22:54 -0500] "POST /wp-load.php?4f57bd=83084 HTTP/1.1" 302 - catherinetrumanarchitects.com "https://catherinetrumanarchitects.com/" "Mozilla/5.0 (Windows NT 10.0; Win64; x64) AppleWebKit/537.36 (KHTML, like Gecko) Chrome/138.0.0.0 Safari/537.36" "-"
5.161.44.0 - - [04/Mar/2026:08:22:56 -0500] "POST /wp-admin/admin-ajax.php?5ddb61=87124 HTTP/1.1" 200 54800 catherinetrumanarchitects.com "https://catherinetrumanarchitects.com/" "Mozilla/5.0 (Windows NT 10.0; Win64; x64) AppleWebKit/537.36 (KHTML, like Gecko) Chrome/138.0.0.0 Safari/537.36" "-"
5.161.52.0 - - [04/Mar/2026:08:22:58 -0500] "POST /wp-load.php?0971f0=43740 HTTP/1.1" 200 1704 catherinetrumanarchitects.com "https://catherinetrumanarchitects.com/" "Mozilla/5.0 (Windows NT 10.0; Win64; x64) AppleWebKit/537.36 (KHTML, like Gecko) Chrome/138.0.0.0 Safari/537.36" "-"
51.68.107.0 - - [04/Mar/2026:08:22:58 -0500] "GET /robots.txt HTTP/1.1" 200 187 catherinetrumanarchitects.com "-" "Mozilla/5.0 (compatible; MJ12bot/v2.0.5; http://mj12bot.com/)" "-"
74.208.59.0 - - [04/Mar/2026:08:22:59 -0500] "GET /?et_check_mod_pagespeed=on HTTP/1.1" 200 20 catherinetrumanarchitects.com "-" "WordPress/6.9.1; https://catherinetrumanarchitects.com" "-"
5.161.250.0 - - [04/Mar/2026:08:22:59 -0500] "POST /wp-load.php?11b8cd=42215 HTTP/1.1" 200 514282 catherinetrumanarchitects.com "https://catherinetrumanarchitects.com/" "Mozilla/5.0 (Windows NT 10.0; Win64; x64) AppleWebKit/537.36 (KHTML, like Gecko) Chrome/138.0.0.0 Safari/537.36" "-"
51.68.107.0 - - [04/Mar/2026:08:23:00 -0500] "GET / HTTP/1.1" 200 111409 catherinetrumanarchitects.com "-" "Mozilla/5.0 (compatible; MJ12bot/v2.0.5; http://mj12bot.com/)" "-"
139.180.180.0 - - [04/Mar/2026:08:23:02 -0500] "POST /wp-load.php?8a7769=28612 HTTP/1.1" 200 1656 catherinetrumanarchitects.com "https://catherinetrumanarchitects.com/" "Mozilla/5.0 (Windows NT 10.0; Win64; x64) AppleWebKit/537.36 (KHTML, like Gecko) Chrome/138.0.0.0 Safari/537.36" "-"
5.161.250.0 - - [04/Mar/2026:08:23:03 -0500] "POST /wp-load.php?5ba2eb=12365 HTTP/1.1" 200 47592 catherinetrumanarchitects.com "-" "Mozilla/5.0 (Windows NT 10.0; Win64; x64) AppleWebKit/537.36 (KHTML, like Gecko) Chrome/104.0.5112.97 Safari/537.36" "-"
5.161.44.0 - - [04/Mar/2026:08:23:04 -0500] "POST /wp-load.php?8b8518=52782 HTTP/1.1" 200 1968 catherinetrumanarchitects.com "https://catherinetrumanarchitects.com/" "Mozilla/5.0 (Windows NT 10.0; Win64; x64) AppleWebKit/537.36 (KHTML, like Gecko) Chrome/138.0.0.0 Safari/537.36" "-"
178.156.128.0 - - [04/Mar/2026:08:23:05 -0500] "POST /wp-load.php?c4de0a=82710 HTTP/1.1" 200 82100 catherinetrumanarchitects.com "https://catherinetrumanarchitects.com/" "Mozilla/5.0 (Windows NT 10.0; Win64; x64) AppleWebKit/537.36 (KHTML, like Gecko) Chrome/138.0.0.0 Safari/537.36" "-"
5.161.52.0 - - [04/Mar/2026:08:23:06 -0500] "POST /wp-load.php?bb5a43=51876 HTTP/1.1" 200 1790 catherinetrumanarchitects.com "https://catherinetrumanarchitects.com/" "Mozilla/5.0 (Windows NT 10.0; Win64; x64) AppleWebKit/537.36 (KHTML, like Gecko) Chrome/138.0.0.0 Safari/537.36" "-"
178.156.136.0 - - [04/Mar/2026:08:23:07 -0500] "POST /wp-load.php?48b112=40350 HTTP/1.1" 200 1664 catherinetrumanarchitects.com "https://catherinetrumanarchitects.com/" "Mozilla/5.0 (Windows NT 10.0; Win64; x64) AppleWebKit/537.36 (KHTML, like Gecko) Chrome/138.0.0.0 Safari/537.36" "-"
139.180.180.0 - - [04/Mar/2026:08:23:10 -0500] "POST /wp-load.php?3bf6ff=66978 HTTP/1.1" 200 1664 catherinetrumanarchitects.com "https://catherinetrumanarchitects.com/" "Mozilla/5.0 (Windows NT 10.0; Win64; x64) AppleWebKit/537.36 (KHTML, like Gecko) Chrome/138.0.0.0 Safari/537.36" "-"
178.156.128.0 - - [04/Mar/2026:08:23:13 -0500] "POST /wp-load.php?0f47de=37671 HTTP/1.1" 200 1664 catherinetrumanarchitects.com "https://catherinetrumanarchitects.com/" "Mozilla/5.0 (Windows NT 10.0; Win64; x64) AppleWebKit/537.36 (KHTML, like Gecko) Chrome/138.0.0.0 Safari/537.36" "-"
5.161.52.0 - - [04/Mar/2026:08:23:14 -0500] "POST /wp-load.php?68e7c8=71561 HTTP/1.1" 200 537040 catherinetrumanarchitects.com "https://catherinetrumanarchitects.com/" "Mozilla/5.0 (Windows NT 10.0; Win64; x64) AppleWebKit/537.36 (KHTML, like Gecko) Chrome/138.0.0.0 Safari/537.36" "-"
5.161.250.0 - - [04/Mar/2026:08:23:16 -0500] "POST /wp-load.php?35900b=60903 HTTP/1.1" 200 1680 catherinetrumanarchitects.com "https://catherinetrumanarchitects.com/" "Mozilla/5.0 (Windows NT 10.0; Win64; x64) AppleWebKit/537.36 (KHTML, like Gecko) Chrome/138.0.0.0 Safari/537.36" "-"
5.161.201.0 - - [04/Mar/2026:08:23:18 -0500] "POST /wp-load.php?3e0e29=45426 HTTP/1.1" 200 1812 catherinetrumanarchitects.com "https://catherinetrumanarchitects.com/" "Mozilla/5.0 (Windows NT 10.0; Win64; x64) AppleWebKit/537.36 (KHTML, like Gecko) Chrome/138.0.0.0 Safari/537.36" "-"
